0 verbose cli /usr/local/bin/node /usr/local/bin/npm
1 info using npm@11.12.1
2 info using node@v24.15.0
3 silly config load:file:/usr/local/lib/node_modules/npm/npmrc
4 silly config load:file:/Volumes/Macintosh HD - Data 1/konveksi-pos/.npmrc
5 silly config load:file:/Users/em2studio/.npmrc
6 silly config load:file:/usr/local/etc/npmrc
7 verbose title npm install
8 verbose argv "install" "--no-audit" "--no-fund"
9 verbose logfile logs-max:10 dir:/Volumes/Macintosh HD - Data 1/konveksi-pos/npm-cache/_logs/2026-09-19T09_17_31_606Z-
10 verbose logfile /Volumes/Macintosh HD - Data 1/konveksi-pos/npm-cache/_logs/2026-09-19T09_17_31_606Z-debug-0.log
11 silly logfile done cleaning log files
12 silly packumentCache heap:2348810240 maxSize:587202560 maxEntrySize:293601280
13 silly idealTree buildDeps
14 silly fetch manifest @supabase/supabase-js@^2.49.1
15 silly packumentCache full:https://registry.npmjs.org/@supabase%2fsupabase-js cache-miss
16 http fetch GET https://registry.npmjs.org/@supabase%2fsupabase-js attempt 1 failed with ENOTFOUND
17 http fetch GET https://registry.npmjs.org/@supabase%2fsupabase-js attempt 2 failed with ENOTFOUND
18 http fetch GET https://registry.npmjs.org/@supabase%2fsupabase-js attempt 3 failed with ENOTFOUND
19 silly fetch manifest class-variance-authority@^0.7.1
20 silly packumentCache full:https://registry.npmjs.org/class-variance-authority cache-miss
21 http fetch GET https://registry.npmjs.org/class-variance-authority attempt 1 failed with ENOTFOUND
22 http fetch GET https://registry.npmjs.org/class-variance-authority attempt 2 failed with ENOTFOUND
23 http fetch GET https://registry.npmjs.org/class-variance-authority attempt 3 failed with ENOTFOUND
24 silly fetch manifest clsx@^2.1.1
25 silly packumentCache full:https://registry.npmjs.org/clsx cache-miss
26 http cache https://registry.npmjs.org/clsx 26ms (cache hit)
27 silly packumentCache full:https://registry.npmjs.org/clsx set size:42531 disposed:false
28 silly fetch manifest date-fns@^4.1.0
29 silly packumentCache full:https://registry.npmjs.org/date-fns cache-miss
30 http cache https://registry.npmjs.org/date-fns 21ms (cache hit)
31 silly packumentCache full:https://registry.npmjs.org/date-fns set size:4144741 disposed:false
32 silly fetch manifest lucide-react@^0.475.0
33 silly packumentCache full:https://registry.npmjs.org/lucide-react cache-miss
34 http cache https://registry.npmjs.org/lucide-react 15ms (cache hit)
35 silly packumentCache full:https://registry.npmjs.org/lucide-react set size:2363638 disposed:false
36 silly fetch manifest react@^19.0.0
37 silly packumentCache full:https://registry.npmjs.org/react cache-miss
38 http cache https://registry.npmjs.org/react 29ms (cache hit)
39 silly packumentCache full:https://registry.npmjs.org/react set size:6997055 disposed:false
40 silly fetch manifest react-dom@^19.0.0
41 silly packumentCache full:https://registry.npmjs.org/react-dom cache-miss
42 http cache https://registry.npmjs.org/react-dom 42ms (cache hit)
43 silly packumentCache full:https://registry.npmjs.org/react-dom set size:9424681 disposed:false
44 silly fetch manifest react-router-dom@^7.2.0
45 silly packumentCache full:https://registry.npmjs.org/react-router-dom cache-miss
46 http cache https://registry.npmjs.org/react-router-dom 16ms (cache hit)
47 silly packumentCache full:https://registry.npmjs.org/react-router-dom set size:2902016 disposed:false
48 silly fetch manifest recharts@^2.15.1
49 silly packumentCache full:https://registry.npmjs.org/recharts cache-miss
50 http cache https://registry.npmjs.org/recharts 11ms (cache hit)
51 silly packumentCache full:https://registry.npmjs.org/recharts set size:1471572 disposed:false
52 silly fetch manifest sonner@^2.0.1
53 silly packumentCache full:https://registry.npmjs.org/sonner cache-miss
54 http cache https://registry.npmjs.org/sonner 6ms (cache hit)
55 silly packumentCache full:https://registry.npmjs.org/sonner set size:145761 disposed:false
56 silly fetch manifest @types/react@^19.0.10
57 silly packumentCache full:https://registry.npmjs.org/@types%2freact cache-miss
58 http cache https://registry.npmjs.org/@types%2freact 15ms (cache hit)
59 silly packumentCache full:https://registry.npmjs.org/@types%2freact set size:2642161 disposed:false
60 silly fetch manifest tailwind-merge@^3.0.1
61 silly packumentCache full:https://registry.npmjs.org/tailwind-merge cache-miss
62 http cache https://registry.npmjs.org/tailwind-merge 14ms (cache hit)
63 silly packumentCache full:https://registry.npmjs.org/tailwind-merge set size:1792415 disposed:false
64 silly fetch manifest zustand@^5.0.3
65 silly packumentCache full:https://registry.npmjs.org/zustand cache-miss
66 http cache https://registry.npmjs.org/zustand 6ms (cache hit)
67 silly packumentCache full:https://registry.npmjs.org/zustand set size:489641 disposed:false
68 silly fetch manifest immer@>=9.0.6
69 silly packumentCache full:https://registry.npmjs.org/immer cache-miss
70 http cache https://registry.npmjs.org/immer 8ms (cache hit)
71 silly packumentCache full:https://registry.npmjs.org/immer set size:798677 disposed:false
72 silly fetch manifest use-sync-external-store@>=1.2.0
73 silly packumentCache full:https://registry.npmjs.org/use-sync-external-store cache-miss
74 http cache https://registry.npmjs.org/use-sync-external-store 18ms (cache hit)
75 silly packumentCache full:https://registry.npmjs.org/use-sync-external-store set size:5046525 disposed:false
76 silly fetch manifest @tailwindcss/vite@^4.0.9
77 silly packumentCache full:https://registry.npmjs.org/@tailwindcss%2fvite cache-miss
78 http cache https://registry.npmjs.org/@tailwindcss%2fvite 11ms (cache hit)
79 silly packumentCache full:https://registry.npmjs.org/@tailwindcss%2fvite set size:2314223 disposed:false
80 silly fetch manifest vite@^6.2.0
81 silly packumentCache full:https://registry.npmjs.org/vite cache-miss
82 http cache https://registry.npmjs.org/vite 132ms (cache hit)
83 silly packumentCache full:https://registry.npmjs.org/vite set size:38945461 disposed:false
84 silly fetch manifest @types/node@^22.13.5
85 silly packumentCache full:https://registry.npmjs.org/@types%2fnode cache-miss
86 http cache https://registry.npmjs.org/@types%2fnode 72ms (cache hit)
87 silly packumentCache full:https://registry.npmjs.org/@types%2fnode set size:11150508 disposed:false
88 silly fetch manifest jiti@>=1.21.0
89 silly packumentCache full:https://registry.npmjs.org/jiti cache-miss
90 http cache https://registry.npmjs.org/jiti 5ms (cache hit)
91 silly packumentCache full:https://registry.npmjs.org/jiti set size:387989 disposed:false
92 silly fetch manifest less@*
93 silly packumentCache full:https://registry.npmjs.org/less cache-miss
94 http cache https://registry.npmjs.org/less 8ms (cache hit)
95 silly packumentCache full:https://registry.npmjs.org/less set size:544331 disposed:false
96 silly fetch manifest lightningcss@^1.21.0
97 silly packumentCache full:https://registry.npmjs.org/lightningcss cache-miss
98 http cache https://registry.npmjs.org/lightningcss 5ms (cache hit)
99 silly packumentCache full:https://registry.npmjs.org/lightningcss set size:191065 disposed:false
100 silly fetch manifest sass@*
101 silly packumentCache full:https://registry.npmjs.org/sass cache-miss
102 http cache https://registry.npmjs.org/sass 6ms (cache hit)
103 silly packumentCache full:https://registry.npmjs.org/sass set size:752288 disposed:false
104 silly fetch manifest sass-embedded@*
105 silly packumentCache full:https://registry.npmjs.org/sass-embedded cache-miss
106 http cache https://registry.npmjs.org/sass-embedded 5ms (cache hit)
107 silly packumentCache full:https://registry.npmjs.org/sass-embedded set size:437108 disposed:false
108 silly fetch manifest stylus@*
109 silly packumentCache full:https://registry.npmjs.org/stylus cache-miss
110 http cache https://registry.npmjs.org/stylus 5ms (cache hit)
111 silly packumentCache full:https://registry.npmjs.org/stylus set size:286766 disposed:false
112 silly fetch manifest sugarss@*
113 silly packumentCache full:https://registry.npmjs.org/sugarss cache-miss
114 http cache https://registry.npmjs.org/sugarss 4ms (cache hit)
115 silly packumentCache full:https://registry.npmjs.org/sugarss set size:44975 disposed:false
116 silly fetch manifest postcss@^8.3.3
117 silly packumentCache full:https://registry.npmjs.org/postcss cache-miss
118 http cache https://registry.npmjs.org/postcss 7ms (cache hit)
119 silly packumentCache full:https://registry.npmjs.org/postcss set size:766699 disposed:false
120 silly fetch manifest terser@^5.16.0
121 silly packumentCache full:https://registry.npmjs.org/terser cache-miss
122 http cache https://registry.npmjs.org/terser 6ms (cache hit)
123 silly packumentCache full:https://registry.npmjs.org/terser set size:827672 disposed:false
124 silly fetch manifest tsx@^4.8.1
125 silly packumentCache full:https://registry.npmjs.org/tsx cache-miss
126 http cache https://registry.npmjs.org/tsx 5ms (cache hit)
127 silly packumentCache full:https://registry.npmjs.org/tsx set size:344351 disposed:false
128 silly fetch manifest yaml@^2.4.2
129 silly packumentCache full:https://registry.npmjs.org/yaml cache-miss
130 http cache https://registry.npmjs.org/yaml 5ms (cache hit)
131 silly packumentCache full:https://registry.npmjs.org/yaml set size:386415 disposed:false
132 silly fetch manifest @types/react-dom@^19.0.4
133 silly packumentCache full:https://registry.npmjs.org/@types%2freact-dom cache-miss
134 http cache https://registry.npmjs.org/@types%2freact-dom 4ms (cache hit)
135 silly packumentCache full:https://registry.npmjs.org/@types%2freact-dom set size:444872 disposed:false
136 silly fetch manifest @vitejs/plugin-react@^4.3.4
137 silly packumentCache full:https://registry.npmjs.org/@vitejs%2fplugin-react cache-miss
138 http cache https://registry.npmjs.org/@vitejs%2fplugin-react 7ms (cache hit)
139 silly packumentCache full:https://registry.npmjs.org/@vitejs%2fplugin-react set size:284195 disposed:false
140 silly fetch manifest tailwindcss@^4.0.9
141 silly packumentCache full:https://registry.npmjs.org/tailwindcss cache-miss
142 http cache https://registry.npmjs.org/tailwindcss 42ms (cache hit)
143 silly packumentCache full:https://registry.npmjs.org/tailwindcss set size:10879261 disposed:false
144 silly fetch manifest typescript@~5.7.2
145 silly packumentCache full:https://registry.npmjs.org/typescript cache-miss
146 http cache https://registry.npmjs.org/typescript 59ms (cache hit)
147 silly packumentCache full:https://registry.npmjs.org/typescript set size:15693959 disposed:false
148 silly placeDep ROOT @supabase/supabase-js@ OK for: konveksi-pos@1.0.0 want: ^2.49.1
149 silly placeDep ROOT @tailwindcss/vite@4.3.3 OK for: konveksi-pos@1.0.0 want: ^4.0.9
150 silly placeDep ROOT vite@6.4.3 OK for: @tailwindcss/vite@4.3.3 want: ^5.2.0 || ^6 || ^7 || ^8
151 silly placeDep ROOT @types/node@22.20.4 OK for: konveksi-pos@1.0.0 want: ^22.13.5
152 silly placeDep ROOT @types/react@19.3.0 OK for: konveksi-pos@1.0.0 want: ^19.0.10
153 silly placeDep ROOT @types/react-dom@19.3.0 OK for: konveksi-pos@1.0.0 want: ^19.0.4
154 silly placeDep ROOT @vitejs/plugin-react@4.7.0 OK for: konveksi-pos@1.0.0 want: ^4.3.4
155 silly placeDep ROOT class-variance-authority@ OK for: konveksi-pos@1.0.0 want: ^0.7.1
156 silly placeDep ROOT clsx@2.1.1 OK for: konveksi-pos@1.0.0 want: ^2.1.1
157 silly placeDep ROOT date-fns@4.4.0 OK for: konveksi-pos@1.0.0 want: ^4.1.0
158 silly placeDep ROOT lucide-react@0.475.0 OK for: konveksi-pos@1.0.0 want: ^0.475.0
159 silly placeDep ROOT react@19.3.0 OK for: lucide-react@0.475.0 want: ^16.5.1 || ^17.0.0 || ^18.0.0 || ^19.0.0
160 silly placeDep ROOT react-dom@19.3.0 OK for: konveksi-pos@1.0.0 want: ^19.0.0
161 silly placeDep ROOT react-router-dom@7.18.4 OK for: konveksi-pos@1.0.0 want: ^7.2.0
162 silly placeDep ROOT recharts@2.15.4 OK for: konveksi-pos@1.0.0 want: ^2.15.1
163 silly placeDep ROOT sonner@2.0.8 OK for: konveksi-pos@1.0.0 want: ^2.0.1
164 silly placeDep ROOT tailwind-merge@3.7.0 OK for: konveksi-pos@1.0.0 want: ^3.0.1
165 silly placeDep ROOT tailwindcss@4.3.3 OK for: konveksi-pos@1.0.0 want: ^4.0.9
166 silly placeDep ROOT typescript@5.7.3 OK for: konveksi-pos@1.0.0 want: ~5.7.2
167 silly placeDep ROOT zustand@5.0.15 OK for: konveksi-pos@1.0.0 want: ^5.0.3
168 silly fetch manifest tailwindcss@4.3.3
169 silly packumentCache full:https://registry.npmjs.org/tailwindcss cache-miss
170 silly fetch manifest @tailwindcss/node@4.3.3
171 silly packumentCache full:https://registry.npmjs.org/@tailwindcss%2fnode cache-miss
172 silly fetch manifest @tailwindcss/oxide@4.3.3
173 silly packumentCache full:https://registry.npmjs.org/@tailwindcss%2foxide cache-miss
174 http cache https://registry.npmjs.org/tailwindcss 58ms (cache hit)
175 silly packumentCache full:https://registry.npmjs.org/tailwindcss set size:10879261 disposed:false
176 silly fetch manifest fdir@^6.4.4
177 silly packumentCache full:https://registry.npmjs.org/fdir cache-miss
178 http cache https://registry.npmjs.org/@tailwindcss%2fnode 130ms (cache hit)
179 silly packumentCache full:https://registry.npmjs.org/@tailwindcss%2fnode set size:2368915 disposed:false
180 silly fetch manifest rollup@^4.34.9
181 silly packumentCache full:https://registry.npmjs.org/rollup cache-miss
182 http cache https://registry.npmjs.org/@tailwindcss%2foxide 154ms (cache hit)
183 silly packumentCache full:https://registry.npmjs.org/@tailwindcss%2foxide set size:4765158 disposed:false
184 silly fetch manifest esbuild@^0.25.0
185 silly packumentCache full:https://registry.npmjs.org/esbuild cache-miss
186 http cache https://registry.npmjs.org/fdir 62ms (cache hit)
187 silly packumentCache full:https://registry.npmjs.org/fdir set size:136182 disposed:false
188 silly fetch manifest postcss@^8.5.3
189 silly packumentCache full:https://registry.npmjs.org/postcss cache-hit
190 silly fetch manifest picomatch@^4.0.2
191 silly packumentCache full:https://registry.npmjs.org/picomatch cache-miss
192 http cache https://registry.npmjs.org/esbuild 17ms (cache hit)
193 silly packumentCache full:https://registry.npmjs.org/esbuild set size:1264676 disposed:false
194 silly fetch manifest tinyglobby@^0.2.13
195 silly packumentCache full:https://registry.npmjs.org/tinyglobby cache-miss
196 http cache https://registry.npmjs.org/rollup 73ms (cache hit)
197 silly packumentCache full:https://registry.npmjs.org/rollup set size:6353428 disposed:false
198 silly fetch manifest fsevents@~2.3.3
199 silly packumentCache full:https://registry.npmjs.org/fsevents cache-miss
200 http cache https://registry.npmjs.org/tinyglobby 73ms (cache hit)
201 silly packumentCache full:https://registry.npmjs.org/tinyglobby set size:54291 disposed:false
202 silly fetch manifest undici-types@~6.21.0
203 silly packumentCache full:https://registry.npmjs.org/undici-types cache-miss
204 http cache https://registry.npmjs.org/fsevents 9ms (cache hit)
205 silly packumentCache full:https://registry.npmjs.org/fsevents set size:182472 disposed:false
206 silly fetch manifest csstype@^3.2.2
207 silly packumentCache full:https://registry.npmjs.org/csstype cache-miss
208 http cache https://registry.npmjs.org/picomatch 93ms (cache hit)
209 silly packumentCache full:https://registry.npmjs.org/picomatch set size:134451 disposed:false
210 silly fetch manifest @babel/core@^7.28.0
211 silly packumentCache full:https://registry.npmjs.org/@babel%2fcore cache-miss
212 http cache https://registry.npmjs.org/undici-types 14ms (cache hit)
213 silly packumentCache full:https://registry.npmjs.org/undici-types set size:258898 disposed:false
214 silly fetch manifest react-refresh@^0.17.0
215 silly packumentCache full:https://registry.npmjs.org/react-refresh cache-miss
216 http cache https://registry.npmjs.org/@babel%2fcore 11ms (cache hit)
217 silly packumentCache full:https://registry.npmjs.org/@babel%2fcore set size:797193 disposed:false
218 silly fetch manifest @types/babel__core@^7.20.5
219 silly packumentCache full:https://registry.npmjs.org/@types%2fbabel__core cache-miss
220 http cache https://registry.npmjs.org/csstype 22ms (cache hit)
221 silly packumentCache full:https://registry.npmjs.org/csstype set size:274189 disposed:false
222 silly fetch manifest @rolldown/pluginutils@1.0.0-beta.27
223 silly packumentCache full:https://registry.npmjs.org/@rolldown%2fpluginutils cache-miss
224 http cache https://registry.npmjs.org/@types%2fbabel__core 9ms (cache hit)
225 silly packumentCache full:https://registry.npmjs.org/@types%2fbabel__core set size:88676 disposed:false
226 silly fetch manifest @babel/plugin-transform-react-jsx-self@^7.27.1
227 silly packumentCache full:https://registry.npmjs.org/@babel%2fplugin-transform-react-jsx-self cache-miss
228 http cache https://registry.npmjs.org/@rolldown%2fpluginutils 8ms (cache hit)
229 silly packumentCache full:https://registry.npmjs.org/@rolldown%2fpluginutils set size:300388 disposed:false
230 silly fetch manifest @babel/plugin-transform-react-jsx-source@^7.27.1
231 silly packumentCache full:https://registry.npmjs.org/@babel%2fplugin-transform-react-jsx-source cache-miss
232 http cache https://registry.npmjs.org/react-refresh 38ms (cache hit)
233 silly packumentCache full:https://registry.npmjs.org/react-refresh set size:6640135 disposed:false
234 silly fetch manifest scheduler@^0.28.0
235 silly packumentCache full:https://registry.npmjs.org/scheduler cache-miss
236 http cache https://registry.npmjs.org/@babel%2fplugin-transform-react-jsx-self 75ms (cache hit)
237 silly packumentCache full:https://registry.npmjs.org/@babel%2fplugin-transform-react-jsx-self set size:200274 disposed:false
238 silly fetch manifest react-router@7.18.4
239 silly packumentCache full:https://registry.npmjs.org/react-router cache-miss
240 http cache https://registry.npmjs.org/@babel%2fplugin-transform-react-jsx-source 75ms (cache hit)
241 silly packumentCache full:https://registry.npmjs.org/@babel%2fplugin-transform-react-jsx-source set size:205288 disposed:false
242 silly fetch manifest lodash@^4.17.21
243 silly packumentCache full:https://registry.npmjs.org/lodash cache-miss
244 http cache https://registry.npmjs.org/scheduler 27ms (cache hit)
245 silly packumentCache full:https://registry.npmjs.org/scheduler set size:5776266 disposed:false
246 silly fetch manifest react-is@^18.3.1
247 silly packumentCache full:https://registry.npmjs.org/react-is cache-miss
248 http cache https://registry.npmjs.org/lodash 76ms (cache hit)
249 silly packumentCache full:https://registry.npmjs.org/lodash set size:247678 disposed:false
250 silly fetch manifest react-smooth@^4.0.4
251 silly packumentCache full:https://registry.npmjs.org/react-smooth cache-miss
252 http cache https://registry.npmjs.org/react-is 52ms (cache hit)
253 silly packumentCache full:https://registry.npmjs.org/react-is set size:5663357 disposed:false
254 silly fetch manifest eventemitter3@^4.0.1
255 silly packumentCache full:https://registry.npmjs.org/eventemitter3 cache-miss
256 http cache https://registry.npmjs.org/react-router 147ms (cache hit)
257 silly packumentCache full:https://registry.npmjs.org/react-router set size:4114593 disposed:false
258 silly fetch manifest recharts-scale@^0.4.4
259 silly packumentCache full:https://registry.npmjs.org/recharts-scale cache-miss
260 http cache https://registry.npmjs.org/eventemitter3 69ms (cache hit)
261 silly packumentCache full:https://registry.npmjs.org/eventemitter3 set size:92292 disposed:false
262 silly fetch manifest tiny-invariant@^1.3.1
263 silly packumentCache full:https://registry.npmjs.org/tiny-invariant cache-miss
264 http cache https://registry.npmjs.org/react-smooth 122ms (cache hit)
265 silly packumentCache full:https://registry.npmjs.org/react-smooth set size:197810 disposed:false
266 silly fetch manifest victory-vendor@^36.6.8
267 silly packumentCache full:https://registry.npmjs.org/victory-vendor cache-miss
268 http cache https://registry.npmjs.org/recharts-scale 40ms (cache hit)
269 silly packumentCache full:https://registry.npmjs.org/recharts-scale set size:62529 disposed:false
270 http cache https://registry.npmjs.org/victory-vendor 7ms (cache hit)
271 silly packumentCache full:https://registry.npmjs.org/victory-vendor set size:249209 disposed:false
272 http cache https://registry.npmjs.org/tiny-invariant 14ms (cache hit)
273 silly packumentCache full:https://registry.npmjs.org/tiny-invariant set size:98310 disposed:false
274 silly placeDep ROOT @tailwindcss/node@4.3.3 OK for: @tailwindcss/vite@4.3.3 want: 4.3.3
275 silly placeDep ROOT @tailwindcss/oxide@4.3.3 OK for: @tailwindcss/vite@4.3.3 want: 4.3.3
276 silly fetch manifest jiti@^2.7.0
277 silly packumentCache full:https://registry.npmjs.org/jiti cache-hit
278 silly fetch manifest lightningcss@1.32.0
279 silly packumentCache full:https://registry.npmjs.org/lightningcss cache-hit
280 silly fetch manifest magic-string@^0.30.21
281 silly packumentCache full:https://registry.npmjs.org/magic-string cache-miss
282 silly fetch manifest source-map-js@^1.2.1
283 silly packumentCache full:https://registry.npmjs.org/source-map-js cache-miss
284 silly fetch manifest enhanced-resolve@^5.24.1
285 silly packumentCache full:https://registry.npmjs.org/enhanced-resolve cache-miss
286 http cache https://registry.npmjs.org/source-map-js 5ms (cache hit)
287 silly packumentCache full:https://registry.npmjs.org/source-map-js set size:62640 disposed:false
288 silly fetch manifest @jridgewell/remapping@^2.3.5
289 silly packumentCache full:https://registry.npmjs.org/@jridgewell%2fremapping cache-miss
290 http cache https://registry.npmjs.org/enhanced-resolve 8ms (cache hit)
291 silly packumentCache full:https://registry.npmjs.org/enhanced-resolve set size:492545 disposed:false
292 silly fetch manifest @tailwindcss/oxide-darwin-x64@4.3.3
293 silly packumentCache full:https://registry.npmjs.org/@tailwindcss%2foxide-darwin-x64 cache-miss
294 http cache https://registry.npmjs.org/magic-string 15ms (cache hit)
295 silly packumentCache full:https://registry.npmjs.org/magic-string set size:366087 disposed:false
296 silly fetch manifest @tailwindcss/oxide-freebsd-x64@4.3.3
297 silly packumentCache full:https://registry.npmjs.org/@tailwindcss%2foxide-freebsd-x64 cache-miss
298 http cache https://registry.npmjs.org/@jridgewell%2fremapping 18ms (cache hit)
299 silly packumentCache full:https://registry.npmjs.org/@jridgewell%2fremapping set size:23809 disposed:false
300 silly fetch manifest @tailwindcss/oxide-wasm32-wasi@4.3.3
301 silly packumentCache full:https://registry.npmjs.org/@tailwindcss%2foxide-wasm32-wasi cache-miss
302 http cache https://registry.npmjs.org/@tailwindcss%2foxide-freebsd-x64 16ms (cache hit)
303 silly packumentCache full:https://registry.npmjs.org/@tailwindcss%2foxide-freebsd-x64 set size:2996873 disposed:false
304 silly fetch manifest @tailwindcss/oxide-darwin-arm64@4.3.3
305 silly packumentCache full:https://registry.npmjs.org/@tailwindcss%2foxide-darwin-arm64 cache-miss
306 http cache https://registry.npmjs.org/@tailwindcss%2foxide-darwin-x64 45ms (cache hit)
307 silly packumentCache full:https://registry.npmjs.org/@tailwindcss%2foxide-darwin-x64 set size:2981681 disposed:false
308 silly fetch manifest @tailwindcss/oxide-android-arm64@4.3.3
309 silly packumentCache full:https://registry.npmjs.org/@tailwindcss%2foxide-android-arm64 cache-miss
310 http cache https://registry.npmjs.org/@tailwindcss%2foxide-wasm32-wasi 60ms (cache hit)
311 silly packumentCache full:https://registry.npmjs.org/@tailwindcss%2foxide-wasm32-wasi set size:1597796 disposed:false
312 silly fetch manifest @tailwindcss/oxide-linux-x64-gnu@4.3.3
313 silly packumentCache full:https://registry.npmjs.org/@tailwindcss%2foxide-linux-x64-gnu cache-miss
314 http cache https://registry.npmjs.org/@tailwindcss%2foxide-android-arm64 27ms (cache hit)
315 silly packumentCache full:https://registry.npmjs.org/@tailwindcss%2foxide-android-arm64 set size:2159100 disposed:false
316 silly fetch manifest @tailwindcss/oxide-linux-x64-musl@4.3.3
317 silly packumentCache full:https://registry.npmjs.org/@tailwindcss%2foxide-linux-x64-musl cache-miss
318 http cache https://registry.npmjs.org/@tailwindcss%2foxide-darwin-arm64 67ms (cache hit)
319 silly packumentCache full:https://registry.npmjs.org/@tailwindcss%2foxide-darwin-arm64 set size:3017995 disposed:false
320 silly fetch manifest @tailwindcss/oxide-win32-x64-msvc@4.3.3
321 silly packumentCache full:https://registry.npmjs.org/@tailwindcss%2foxide-win32-x64-msvc cache-miss
322 http cache https://registry.npmjs.org/@tailwindcss%2foxide-linux-x64-musl 41ms (cache hit)
323 silly packumentCache full:https://registry.npmjs.org/@tailwindcss%2foxide-linux-x64-musl set size:3052621 disposed:false
324 silly fetch manifest @tailwindcss/oxide-linux-arm64-gnu@4.3.3
325 silly packumentCache full:https://registry.npmjs.org/@tailwindcss%2foxide-linux-arm64-gnu cache-miss
326 http cache https://registry.npmjs.org/@tailwindcss%2foxide-win32-x64-msvc 45ms (cache hit)
327 silly packumentCache full:https://registry.npmjs.org/@tailwindcss%2foxide-win32-x64-msvc set size:3024736 disposed:false
328 silly fetch manifest @tailwindcss/oxide-linux-arm64-musl@4.3.3
329 silly packumentCache full:https://registry.npmjs.org/@tailwindcss%2foxide-linux-arm64-musl cache-miss
330 http cache https://registry.npmjs.org/@tailwindcss%2foxide-linux-x64-gnu 110ms (cache hit)
331 silly packumentCache full:https://registry.npmjs.org/@tailwindcss%2foxide-linux-x64-gnu set size:3043317 disposed:false
332 silly fetch manifest @tailwindcss/oxide-win32-arm64-msvc@4.3.3
333 silly packumentCache full:https://registry.npmjs.org/@tailwindcss%2foxide-win32-arm64-msvc cache-miss
334 http cache https://registry.npmjs.org/@tailwindcss%2foxide-win32-arm64-msvc 29ms (cache hit)
335 silly packumentCache full:https://registry.npmjs.org/@tailwindcss%2foxide-win32-arm64-msvc set size:2136387 disposed:false
336 silly fetch manifest @tailwindcss/oxide-linux-arm-gnueabihf@4.3.3
337 silly packumentCache full:https://registry.npmjs.org/@tailwindcss%2foxide-linux-arm-gnueabihf cache-miss
338 http cache https://registry.npmjs.org/@tailwindcss%2foxide-linux-arm64-musl 86ms (cache hit)
339 silly packumentCache full:https://registry.npmjs.org/@tailwindcss%2foxide-linux-arm64-musl set size:3082296 disposed:false
340 http cache https://registry.npmjs.org/@tailwindcss%2foxide-linux-arm64-gnu 132ms (cache hit)
341 silly packumentCache full:https://registry.npmjs.org/@tailwindcss%2foxide-linux-arm64-gnu set size:3070738 disposed:false
342 http cache https://registry.npmjs.org/@tailwindcss%2foxide-linux-arm-gnueabihf 75ms (cache hit)
343 silly packumentCache full:https://registry.npmjs.org/@tailwindcss%2foxide-linux-arm-gnueabihf set size:3097011 disposed:false
344 silly placeDep ROOT @jridgewell/remapping@2.3.5 OK for: @tailwindcss/node@4.3.3 want: ^2.3.5
345 silly placeDep ROOT enhanced-resolve@5.25.1 OK for: @tailwindcss/node@4.3.3 want: ^5.24.1
346 silly placeDep ROOT jiti@2.7.0 OK for: @tailwindcss/node@4.3.3 want: ^2.7.0
347 silly placeDep ROOT lightningcss@1.32.0 OK for: @tailwindcss/node@4.3.3 want: 1.32.0
348 silly placeDep ROOT magic-string@0.30.21 OK for: @tailwindcss/node@4.3.3 want: ^0.30.21
349 silly placeDep ROOT source-map-js@1.2.1 OK for: @tailwindcss/node@4.3.3 want: ^1.2.1
350 silly fetch manifest @jridgewell/gen-mapping@^0.3.5
351 silly packumentCache full:https://registry.npmjs.org/@jridgewell%2fgen-mapping cache-miss
352 silly fetch manifest @jridgewell/trace-mapping@^0.3.24
353 silly packumentCache full:https://registry.npmjs.org/@jridgewell%2ftrace-mapping cache-miss
354 silly fetch manifest tapable@^2.3.3
355 silly packumentCache full:https://registry.npmjs.org/tapable cache-miss
356 http cache https://registry.npmjs.org/@jridgewell%2fgen-mapping 6ms (cache hit)
357 silly packumentCache full:https://registry.npmjs.org/@jridgewell%2fgen-mapping set size:75941 disposed:false
358 silly fetch manifest graceful-fs@^4.2.4
359 silly packumentCache full:https://registry.npmjs.org/graceful-fs cache-miss
360 http cache https://registry.npmjs.org/@jridgewell%2ftrace-mapping 8ms (cache hit)
361 silly packumentCache full:https://registry.npmjs.org/@jridgewell%2ftrace-mapping set size:170909 disposed:false
362 silly fetch manifest detect-libc@^2.0.3
363 silly packumentCache full:https://registry.npmjs.org/detect-libc cache-miss
364 http cache https://registry.npmjs.org/tapable 11ms (cache hit)
365 silly packumentCache full:https://registry.npmjs.org/tapable set size:141233 disposed:false
366 silly fetch manifest lightningcss-darwin-x64@1.32.0
367 silly packumentCache full:https://registry.npmjs.org/lightningcss-darwin-x64 cache-miss
368 http cache https://registry.npmjs.org/lightningcss-darwin-x64 4ms (cache hit)
369 silly packumentCache full:https://registry.npmjs.org/lightningcss-darwin-x64 set size:80374 disposed:false
370 silly fetch manifest lightningcss-freebsd-x64@1.32.0
371 silly packumentCache full:https://registry.npmjs.org/lightningcss-freebsd-x64 cache-miss
372 http cache https://registry.npmjs.org/detect-libc 11ms (cache hit)
373 silly packumentCache full:https://registry.npmjs.org/detect-libc set size:47861 disposed:false
374 silly fetch manifest lightningcss-darwin-arm64@1.32.0
375 silly packumentCache full:https://registry.npmjs.org/lightningcss-darwin-arm64 cache-miss
376 http cache https://registry.npmjs.org/graceful-fs 16ms (cache hit)
377 silly packumentCache full:https://registry.npmjs.org/graceful-fs set size:124285 disposed:false
378 silly fetch manifest lightningcss-android-arm64@1.32.0
379 silly packumentCache full:https://registry.npmjs.org/lightningcss-android-arm64 cache-miss
380 http cache https://registry.npmjs.org/lightningcss-android-arm64 4ms (cache hit)
381 silly packumentCache full:https://registry.npmjs.org/lightningcss-android-arm64 set size:9371 disposed:false
382 silly fetch manifest lightningcss-linux-x64-gnu@1.32.0
383 silly packumentCache full:https://registry.npmjs.org/lightningcss-linux-x64-gnu cache-miss
384 http cache https://registry.npmjs.org/lightningcss-darwin-arm64 9ms (cache hit)
385 silly packumentCache full:https://registry.npmjs.org/lightningcss-darwin-arm64 set size:80970 disposed:false
386 silly fetch manifest lightningcss-linux-x64-musl@1.32.0
387 silly packumentCache full:https://registry.npmjs.org/lightningcss-linux-x64-musl cache-miss
388 http cache https://registry.npmjs.org/lightningcss-freebsd-x64 12ms (cache hit)
389 silly packumentCache full:https://registry.npmjs.org/lightningcss-freebsd-x64 set size:44564 disposed:false
390 silly fetch manifest lightningcss-win32-x64-msvc@1.32.0
391 silly packumentCache full:https://registry.npmjs.org/lightningcss-win32-x64-msvc cache-miss
392 http cache https://registry.npmjs.org/lightningcss-win32-x64-msvc 5ms (cache hit)
393 silly packumentCache full:https://registry.npmjs.org/lightningcss-win32-x64-msvc set size:81347 disposed:false
394 silly fetch manifest lightningcss-linux-arm64-gnu@1.32.0
395 silly packumentCache full:https://registry.npmjs.org/lightningcss-linux-arm64-gnu cache-miss
396 http cache https://registry.npmjs.org/lightningcss-linux-x64-gnu 11ms (cache hit)
397 silly packumentCache full:https://registry.npmjs.org/lightningcss-linux-x64-gnu set size:81819 disposed:false
398 silly fetch manifest lightningcss-linux-arm64-musl@1.32.0
399 silly packumentCache full:https://registry.npmjs.org/lightningcss-linux-arm64-musl cache-miss
400 http cache https://registry.npmjs.org/lightningcss-linux-x64-musl 11ms (cache hit)
401 silly packumentCache full:https://registry.npmjs.org/lightningcss-linux-x64-musl set size:82032 disposed:false
402 silly fetch manifest lightningcss-win32-arm64-msvc@1.32.0
403 silly packumentCache full:https://registry.npmjs.org/lightningcss-win32-arm64-msvc cache-miss
404 http cache https://registry.npmjs.org/lightningcss-win32-arm64-msvc 5ms (cache hit)
405 silly packumentCache full:https://registry.npmjs.org/lightningcss-win32-arm64-msvc set size:28346 disposed:false
406 silly fetch manifest lightningcss-linux-arm-gnueabihf@1.32.0
407 silly packumentCache full:https://registry.npmjs.org/lightningcss-linux-arm-gnueabihf cache-miss
408 http cache https://registry.npmjs.org/lightningcss-linux-arm64-musl 7ms (cache hit)
409 silly packumentCache full:https://registry.npmjs.org/lightningcss-linux-arm64-musl set size:82617 disposed:false
410 silly fetch manifest @jridgewell/sourcemap-codec@^1.5.5
411 silly packumentCache full:https://registry.npmjs.org/@jridgewell%2fsourcemap-codec cache-miss
412 http cache https://registry.npmjs.org/lightningcss-linux-arm64-gnu 12ms (cache hit)
413 silly packumentCache full:https://registry.npmjs.org/lightningcss-linux-arm64-gnu set size:82397 disposed:false
414 http cache https://registry.npmjs.org/lightningcss-linux-arm-gnueabihf 7ms (cache hit)
415 silly packumentCache full:https://registry.npmjs.org/lightningcss-linux-arm-gnueabihf set size:82635 disposed:false
416 http cache https://registry.npmjs.org/@jridgewell%2fsourcemap-codec 6ms (cache hit)
417 silly packumentCache full:https://registry.npmjs.org/@jridgewell%2fsourcemap-codec set size:65255 disposed:false
418 silly placeDep ROOT @jridgewell/gen-mapping@0.3.13 OK for: @jridgewell/remapping@2.3.5 want: ^0.3.5
419 silly placeDep ROOT @jridgewell/trace-mapping@0.3.31 OK for: @jridgewell/remapping@2.3.5 want: ^0.3.24
420 silly fetch manifest @jridgewell/sourcemap-codec@^1.5.0
421 silly packumentCache full:https://registry.npmjs.org/@jridgewell%2fsourcemap-codec cache-hit
422 silly fetch manifest @jridgewell/resolve-uri@^3.1.0
423 silly packumentCache full:https://registry.npmjs.org/@jridgewell%2fresolve-uri cache-miss
424 silly fetch manifest @jridgewell/sourcemap-codec@^1.4.14
425 silly packumentCache full:https://registry.npmjs.org/@jridgewell%2fsourcemap-codec cache-hit
426 http cache https://registry.npmjs.org/@jridgewell%2fresolve-uri 5ms (cache hit)
427 silly packumentCache full:https://registry.npmjs.org/@jridgewell%2fresolve-uri set size:57361 disposed:false
428 silly placeDep ROOT @jridgewell/sourcemap-codec@1.6.0 OK for: @jridgewell/gen-mapping@0.3.13 want: ^1.5.0
429 silly placeDep ROOT @jridgewell/resolve-uri@3.1.2 OK for: @jridgewell/trace-mapping@0.3.31 want: ^3.1.0
430 silly placeDep ROOT @tailwindcss/oxide-android-arm64@4.3.3 OK for: @tailwindcss/oxide@4.3.3 want: 4.3.3
431 silly placeDep ROOT @tailwindcss/oxide-darwin-arm64@4.3.3 OK for: @tailwindcss/oxide@4.3.3 want: 4.3.3
432 silly placeDep ROOT @tailwindcss/oxide-darwin-x64@4.3.3 OK for: @tailwindcss/oxide@4.3.3 want: 4.3.3
433 silly placeDep ROOT @tailwindcss/oxide-freebsd-x64@4.3.3 OK for: @tailwindcss/oxide@4.3.3 want: 4.3.3
434 silly placeDep ROOT @tailwindcss/oxide-linux-arm-gnueabihf@4.3.3 OK for: @tailwindcss/oxide@4.3.3 want: 4.3.3
435 silly placeDep ROOT @tailwindcss/oxide-linux-arm64-gnu@4.3.3 OK for: @tailwindcss/oxide@4.3.3 want: 4.3.3
436 silly placeDep ROOT @tailwindcss/oxide-linux-arm64-musl@4.3.3 OK for: @tailwindcss/oxide@4.3.3 want: 4.3.3
437 silly placeDep ROOT @tailwindcss/oxide-linux-x64-gnu@4.3.3 OK for: @tailwindcss/oxide@4.3.3 want: 4.3.3
438 silly placeDep ROOT @tailwindcss/oxide-linux-x64-musl@4.3.3 OK for: @tailwindcss/oxide@4.3.3 want: 4.3.3
439 silly placeDep ROOT @tailwindcss/oxide-wasm32-wasi@4.3.3 OK for: @tailwindcss/oxide@4.3.3 want: 4.3.3
440 silly placeDep ROOT @tailwindcss/oxide-win32-arm64-msvc@4.3.3 OK for: @tailwindcss/oxide@4.3.3 want: 4.3.3
441 silly placeDep ROOT @tailwindcss/oxide-win32-x64-msvc@4.3.3 OK for: @tailwindcss/oxide@4.3.3 want: 4.3.3
442 silly placeDep ROOT undici-types@6.21.0 OK for: @types/node@22.20.4 want: ~6.21.0
443 silly placeDep ROOT csstype@3.2.3 OK for: @types/react@19.3.0 want: ^3.2.2
444 silly placeDep ROOT @babel/core@7.29.7 OK for: @vitejs/plugin-react@4.7.0 want: ^7.28.0
445 silly placeDep ROOT @babel/plugin-transform-react-jsx-self@7.29.7 OK for: @vitejs/plugin-react@4.7.0 want: ^7.27.1
446 silly placeDep ROOT @babel/plugin-transform-react-jsx-source@7.29.7 OK for: @vitejs/plugin-react@4.7.0 want: ^7.27.1
447 silly placeDep ROOT @rolldown/pluginutils@1.0.0-beta.27 OK for: @vitejs/plugin-react@4.7.0 want: 1.0.0-beta.27
448 silly placeDep ROOT @types/babel__core@7.20.5 OK for: @vitejs/plugin-react@4.7.0 want: ^7.20.5
449 silly placeDep ROOT react-refresh@0.17.0 OK for: @vitejs/plugin-react@4.7.0 want: ^0.17.0
450 silly fetch manifest debug@^4.1.0
451 silly packumentCache full:https://registry.npmjs.org/debug cache-miss
452 silly fetch manifest json5@^2.2.3
453 silly packumentCache full:https://registry.npmjs.org/json5 cache-miss
454 silly fetch manifest semver@^6.3.1
455 silly packumentCache full:https://registry.npmjs.org/semver cache-miss
456 http cache https://registry.npmjs.org/json5 39ms (cache hit)
457 silly packumentCache full:https://registry.npmjs.org/json5 set size:86136 disposed:false
458 silly fetch manifest gensync@^1.0.0-beta.2
459 silly packumentCache full:https://registry.npmjs.org/gensync cache-miss
460 http cache https://registry.npmjs.org/debug 49ms (cache hit)
461 silly packumentCache full:https://registry.npmjs.org/debug set size:195840 disposed:false
462 silly fetch manifest @babel/types@^7.29.7
463 silly packumentCache full:https://registry.npmjs.org/@babel%2ftypes cache-miss
464 http cache https://registry.npmjs.org/semver 53ms (cache hit)
465 silly packumentCache full:https://registry.npmjs.org/semver set size:246128 disposed:false
466 silly fetch manifest @babel/parser@^7.29.7
467 silly packumentCache full:https://registry.npmjs.org/@babel%2fparser cache-miss
468 http cache https://registry.npmjs.org/gensync 20ms (cache hit)
469 silly packumentCache full:https://registry.npmjs.org/gensync set size:15068 disposed:false
470 silly fetch manifest @babel/helpers@^7.29.7
471 silly packumentCache full:https://registry.npmjs.org/@babel%2fhelpers cache-miss
472 http cache https://registry.npmjs.org/@babel%2ftypes 20ms (cache hit)
473 silly packumentCache full:https://registry.npmjs.org/@babel%2ftypes set size:507562 disposed:false
474 silly fetch manifest @babel/template@^7.29.7
475 silly packumentCache full:https://registry.npmjs.org/@babel%2ftemplate cache-miss
476 http cache https://registry.npmjs.org/@babel%2fparser 38ms (cache hit)
477 silly packumentCache full:https://registry.npmjs.org/@babel%2fparser set size:745724 disposed:false
478 silly fetch manifest @babel/traverse@^7.29.7
479 silly packumentCache full:https://registry.npmjs.org/@babel%2ftraverse cache-miss
480 http cache https://registry.npmjs.org/@babel%2fhelpers 46ms (cache hit)
481 silly packumentCache full:https://registry.npmjs.org/@babel%2fhelpers set size:400815 disposed:false
482 silly fetch manifest @babel/generator@^7.29.7
483 silly packumentCache full:https://registry.npmjs.org/@babel%2fgenerator cache-miss
484 http cache https://registry.npmjs.org/@babel%2ftraverse 16ms (cache hit)
485 silly packumentCache full:https://registry.npmjs.org/@babel%2ftraverse set size:569712 disposed:false
486 silly fetch manifest @babel/code-frame@^7.29.7
487 silly packumentCache full:https://registry.npmjs.org/@babel%2fcode-frame cache-miss
488 http cache https://registry.npmjs.org/@babel%2ftemplate 45ms (cache hit)
489 silly packumentCache full:https://registry.npmjs.org/@babel%2ftemplate set size:237074 disposed:false
490 silly fetch manifest convert-source-map@^2.0.0
491 silly packumentCache full:https://registry.npmjs.org/convert-source-map cache-miss
492 http cache https://registry.npmjs.org/convert-source-map 6ms (cache hit)
493 silly packumentCache full:https://registry.npmjs.org/convert-source-map set size:66997 disposed:false
494 silly fetch manifest @babel/helper-module-transforms@^7.29.7
495 silly packumentCache full:https://registry.npmjs.org/@babel%2fhelper-module-transforms cache-miss
496 http cache https://registry.npmjs.org/@babel%2fcode-frame 16ms (cache hit)
497 silly packumentCache full:https://registry.npmjs.org/@babel%2fcode-frame set size:208928 disposed:false
498 silly fetch manifest @babel/helper-compilation-targets@^7.29.7
499 silly packumentCache full:https://registry.npmjs.org/@babel%2fhelper-compilation-targets cache-miss
500 http cache https://registry.npmjs.org/@babel%2fgenerator 33ms (cache hit)
501 silly packumentCache full:https://registry.npmjs.org/@babel%2fgenerator set size:527796 disposed:false
502 silly fetch manifest @babel/helper-plugin-utils@^7.29.7
503 silly packumentCache full:https://registry.npmjs.org/@babel%2fhelper-plugin-utils cache-miss
504 http cache https://registry.npmjs.org/@babel%2fhelper-plugin-utils 8ms (cache hit)
505 silly packumentCache full:https://registry.npmjs.org/@babel%2fhelper-plugin-utils set size:175564 disposed:false
506 silly fetch manifest @babel/types@^7.20.7
507 silly packumentCache full:https://registry.npmjs.org/@babel%2ftypes cache-hit
508 silly fetch manifest @babel/parser@^7.20.7
509 silly packumentCache full:https://registry.npmjs.org/@babel%2fparser cache-hit
510 silly fetch manifest @types/babel__template@*
511 silly packumentCache full:https://registry.npmjs.org/@types%2fbabel__template cache-miss
512 http cache https://registry.npmjs.org/@babel%2fhelper-compilation-targets 24ms (cache hit)
513 silly packumentCache full:https://registry.npmjs.org/@babel%2fhelper-compilation-targets set size:234171 disposed:false
514 silly fetch manifest @types/babel__traverse@*
515 silly packumentCache full:https://registry.npmjs.org/@types%2fbabel__traverse cache-miss
516 http cache https://registry.npmjs.org/@babel%2fhelper-module-transforms 36ms (cache hit)
517 silly packumentCache full:https://registry.npmjs.org/@babel%2fhelper-module-transforms set size:351181 disposed:false
518 silly fetch manifest @types/babel__generator@*
519 silly packumentCache full:https://registry.npmjs.org/@types%2fbabel__generator cache-miss
520 http cache https://registry.npmjs.org/@types%2fbabel__template 20ms (cache hit)
521 silly packumentCache full:https://registry.npmjs.org/@types%2fbabel__template set size:22631 disposed:false
522 http cache https://registry.npmjs.org/@types%2fbabel__generator 8ms (cache hit)
523 silly packumentCache full:https://registry.npmjs.org/@types%2fbabel__generator set size:31587 disposed:false
524 http cache https://registry.npmjs.org/@types%2fbabel__traverse 15ms (cache hit)
525 silly packumentCache full:https://registry.npmjs.org/@types%2fbabel__traverse set size:107819 disposed:false
526 silly fetch manifest @babel/core@^7.0.0
527 silly packumentCache full:https://registry.npmjs.org/@babel%2fcore cache-hit
528 silly placeDep ROOT @babel/code-frame@7.29.7 OK for: @babel/core@7.29.7 want: ^7.29.7
529 silly placeDep ROOT @babel/generator@7.29.8 OK for: @babel/core@7.29.7 want: ^7.29.7
530 silly placeDep ROOT @babel/helper-compilation-targets@7.29.7 OK for: @babel/core@7.29.7 want: ^7.29.7
531 silly placeDep ROOT @babel/helper-module-transforms@7.29.7 OK for: @babel/core@7.29.7 want: ^7.29.7
532 silly placeDep ROOT @babel/helpers@7.29.7 OK for: @babel/core@7.29.7 want: ^7.29.7
533 silly placeDep ROOT @babel/parser@7.29.9 OK for: @babel/core@7.29.7 want: ^7.29.7
534 silly placeDep ROOT @babel/template@7.29.7 OK for: @babel/core@7.29.7 want: ^7.29.7
535 silly placeDep ROOT @babel/traverse@7.29.8 OK for: @babel/core@7.29.7 want: ^7.29.7
536 silly placeDep ROOT @babel/types@7.29.8 OK for: @babel/core@7.29.7 want: ^7.29.7
537 silly placeDep ROOT convert-source-map@2.0.0 OK for: @babel/core@7.29.7 want: ^2.0.0
538 silly placeDep ROOT debug@4.4.3 OK for: @babel/core@7.29.7 want: ^4.1.0
539 silly placeDep ROOT gensync@1.0.0-beta.2 OK for: @babel/core@7.29.7 want: ^1.0.0-beta.2
540 silly placeDep ROOT json5@2.2.3 OK for: @babel/core@7.29.7 want: ^2.2.3
541 silly placeDep ROOT semver@6.3.1 OK for: @babel/core@7.29.7 want: ^6.3.1
542 silly fetch manifest js-tokens@^4.0.0
543 silly packumentCache full:https://registry.npmjs.org/js-tokens cache-miss
544 silly fetch manifest picocolors@^1.1.1
545 silly packumentCache full:https://registry.npmjs.org/picocolors cache-miss
546 silly fetch manifest @babel/helper-validator-identifier@^7.29.7
547 silly packumentCache full:https://registry.npmjs.org/@babel%2fhelper-validator-identifier cache-miss
548 http cache https://registry.npmjs.org/js-tokens 8ms (cache hit)
549 silly packumentCache full:https://registry.npmjs.org/js-tokens set size:41947 disposed:false
550 silly fetch manifest jsesc@^3.0.2
551 silly packumentCache full:https://registry.npmjs.org/jsesc cache-miss
552 http cache https://registry.npmjs.org/@babel%2fhelper-validator-identifier 10ms (cache hit)
553 silly packumentCache full:https://registry.npmjs.org/@babel%2fhelper-validator-identifier set size:132572 disposed:false
554 silly fetch manifest @babel/types@^7.29.8
555 silly packumentCache full:https://registry.npmjs.org/@babel%2ftypes cache-hit
556 silly fetch manifest @babel/parser@^7.29.8
557 silly packumentCache full:https://registry.npmjs.org/@babel%2fparser cache-hit
558 silly fetch manifest lru-cache@^5.1.1
559 silly packumentCache full:https://registry.npmjs.org/lru-cache cache-miss
560 http cache https://registry.npmjs.org/picocolors 21ms (cache hit)
561 silly packumentCache full:https://registry.npmjs.org/picocolors set size:16648 disposed:false
562 silly fetch manifest browserslist@^4.24.0
563 silly packumentCache full:https://registry.npmjs.org/browserslist cache-miss
564 http cache https://registry.npmjs.org/jsesc 21ms (cache hit)
565 silly packumentCache full:https://registry.npmjs.org/jsesc set size:61512 disposed:false
566 silly fetch manifest @babel/compat-data@^7.29.7
567 silly packumentCache full:https://registry.npmjs.org/@babel%2fcompat-data cache-miss
568 http cache https://registry.npmjs.org/lru-cache 17ms (cache hit)
569 silly packumentCache full:https://registry.npmjs.org/lru-cache set size:465506 disposed:false
570 silly fetch manifest @babel/helper-validator-option@^7.29.7
571 silly packumentCache full:https://registry.npmjs.org/@babel%2fhelper-validator-option cache-miss
572 http cache https://registry.npmjs.org/browserslist 39ms (cache hit)
573 silly packumentCache full:https://registry.npmjs.org/browserslist set size:523370 disposed:false
574 silly fetch manifest @babel/helper-module-imports@^7.29.7
575 silly packumentCache full:https://registry.npmjs.org/@babel%2fhelper-module-imports cache-miss
576 http cache https://registry.npmjs.org/@babel%2fhelper-validator-option 35ms (cache hit)
577 silly packumentCache full:https://registry.npmjs.org/@babel%2fhelper-validator-option set size:101303 disposed:false
578 silly fetch manifest debug@^4.3.1
579 silly packumentCache full:https://registry.npmjs.org/debug cache-hit
580 silly fetch manifest @babel/helper-globals@^7.29.7
581 silly packumentCache full:https://registry.npmjs.org/@babel%2fhelper-globals cache-miss
582 http cache https://registry.npmjs.org/@babel%2fcompat-data 63ms (cache hit)
583 silly packumentCache full:https://registry.npmjs.org/@babel%2fcompat-data set size:321231 disposed:false
584 silly fetch manifest @babel/helper-string-parser@^7.29.7
585 silly packumentCache full:https://registry.npmjs.org/@babel%2fhelper-string-parser cache-miss
586 http cache https://registry.npmjs.org/@babel%2fhelper-module-imports 47ms (cache hit)
587 silly packumentCache full:https://registry.npmjs.org/@babel%2fhelper-module-imports set size:203392 disposed:false
588 silly fetch manifest ms@^2.1.3
589 silly packumentCache full:https://registry.npmjs.org/ms cache-miss
590 http cache https://registry.npmjs.org/@babel%2fhelper-globals 43ms (cache hit)
591 silly packumentCache full:https://registry.npmjs.org/@babel%2fhelper-globals set size:27304 disposed:false
592 http cache https://registry.npmjs.org/@babel%2fhelper-string-parser 35ms (cache hit)
593 silly packumentCache full:https://registry.npmjs.org/@babel%2fhelper-string-parser set size:93686 disposed:false
594 http cache https://registry.npmjs.org/ms 19ms (cache hit)
595 silly packumentCache full:https://registry.npmjs.org/ms set size:92208 disposed:false
596 silly placeDep ROOT @babel/helper-validator-identifier@7.29.7 OK for: @babel/code-frame@7.29.7 want: ^7.29.7
597 silly placeDep ROOT js-tokens@4.0.0 OK for: @babel/code-frame@7.29.7 want: ^4.0.0
598 silly placeDep ROOT picocolors@1.1.1 OK for: @babel/code-frame@7.29.7 want: ^1.1.1
599 silly placeDep ROOT jsesc@3.1.0 OK for: @babel/generator@7.29.8 want: ^3.0.2
600 silly placeDep ROOT @babel/compat-data@7.29.7 OK for: @babel/helper-compilation-targets@7.29.7 want: ^7.29.7
601 silly placeDep ROOT @babel/helper-validator-option@7.29.7 OK for: @babel/helper-compilation-targets@7.29.7 want: ^7.29.7
602 silly placeDep ROOT browserslist@4.29.0 OK for: @babel/helper-compilation-targets@7.29.7 want: ^4.24.0
603 silly placeDep ROOT lru-cache@5.1.1 OK for: @babel/helper-compilation-targets@7.29.7 want: ^5.1.1
604 silly fetch manifest caniuse-lite@^1.0.30001810
605 silly packumentCache full:https://registry.npmjs.org/caniuse-lite cache-miss
606 silly fetch manifest node-releases@^2.0.55
607 silly packumentCache full:https://registry.npmjs.org/node-releases cache-miss
608 silly fetch manifest electron-to-chromium@^1.5.427
609 silly packumentCache full:https://registry.npmjs.org/electron-to-chromium cache-miss
610 http cache https://registry.npmjs.org/node-releases 18ms (cache hit)
611 silly packumentCache full:https://registry.npmjs.org/node-releases set size:299850 disposed:false
612 silly fetch manifest update-browserslist-db@^1.3.3
613 silly packumentCache full:https://registry.npmjs.org/update-browserslist-db cache-miss
614 http cache https://registry.npmjs.org/caniuse-lite 32ms (cache hit)
615 silly packumentCache full:https://registry.npmjs.org/caniuse-lite set size:2313344 disposed:false
616 silly fetch manifest baseline-browser-mapping@^2.11.23
617 silly packumentCache full:https://registry.npmjs.org/baseline-browser-mapping cache-miss
618 http cache https://registry.npmjs.org/electron-to-chromium 107ms (cache hit)
619 silly packumentCache full:https://registry.npmjs.org/electron-to-chromium set size:4957067 disposed:false
620 silly fetch manifest yallist@^3.0.2
621 silly packumentCache full:https://registry.npmjs.org/yallist cache-miss
622 http cache https://registry.npmjs.org/update-browserslist-db 245ms (cache hit)
623 silly packumentCache full:https://registry.npmjs.org/update-browserslist-db set size:71185 disposed:false
624 http cache https://registry.npmjs.org/yallist 62ms (cache hit)
625 silly packumentCache full:https://registry.npmjs.org/yallist set size:34610 disposed:false
626 http cache https://registry.npmjs.org/baseline-browser-mapping 188ms (cache hit)
627 silly packumentCache full:https://registry.npmjs.org/baseline-browser-mapping set size:641742 disposed:false
628 silly placeDep ROOT @babel/helper-module-imports@7.29.7 OK for: @babel/helper-module-transforms@7.29.7 want: ^7.29.7
629 silly placeDep ROOT @babel/helper-plugin-utils@7.29.7 OK for: @babel/plugin-transform-react-jsx-self@7.29.7 want: ^7.29.7
630 silly placeDep ROOT @babel/helper-globals@7.29.7 OK for: @babel/traverse@7.29.8 want: ^7.29.7
631 silly placeDep ROOT @babel/helper-string-parser@7.29.7 OK for: @babel/types@7.29.8 want: ^7.29.7
632 silly placeDep ROOT @types/babel__generator@7.27.0 OK for: @types/babel__core@7.20.5 want: *
633 silly placeDep ROOT @types/babel__template@7.4.4 OK for: @types/babel__core@7.20.5 want: *
634 silly placeDep ROOT @types/babel__traverse@7.28.0 OK for: @types/babel__core@7.20.5 want: *
635 silly fetch manifest browserslist@>= 4.21.0
636 silly packumentCache full:https://registry.npmjs.org/browserslist cache-hit
637 silly placeDep ROOT baseline-browser-mapping@2.11.25 OK for: browserslist@4.29.0 want: ^2.11.23
638 silly placeDep ROOT caniuse-lite@1.0.30001810 OK for: browserslist@4.29.0 want: ^1.0.30001810
639 silly placeDep ROOT electron-to-chromium@1.5.433 OK for: browserslist@4.29.0 want: ^1.5.427
640 silly placeDep ROOT node-releases@2.0.56 OK for: browserslist@4.29.0 want: ^2.0.55
641 silly placeDep ROOT update-browserslist-db@1.3.3 OK for: browserslist@4.29.0 want: ^1.3.3
642 silly fetch manifest escalade@^3.2.0
643 silly packumentCache full:https://registry.npmjs.org/escalade cache-miss
644 http cache https://registry.npmjs.org/escalade 3ms (cache hit)
645 silly packumentCache full:https://registry.npmjs.org/escalade set size:33724 disposed:false
646 silly placeDep ROOT ms@2.1.3 OK for: debug@4.4.3 want: ^2.1.3
647 silly placeDep ROOT graceful-fs@4.2.11 OK for: enhanced-resolve@5.25.1 want: ^4.2.4
648 silly placeDep ROOT tapable@2.3.3 OK for: enhanced-resolve@5.25.1 want: ^2.3.3
649 silly placeDep ROOT detect-libc@2.1.2 OK for: lightningcss@1.32.0 want: ^2.0.3
650 silly placeDep ROOT lightningcss-android-arm64@1.32.0 OK for: lightningcss@1.32.0 want: 1.32.0
651 silly placeDep ROOT lightningcss-darwin-arm64@1.32.0 OK for: lightningcss@1.32.0 want: 1.32.0
652 silly placeDep ROOT lightningcss-darwin-x64@1.32.0 OK for: lightningcss@1.32.0 want: 1.32.0
653 silly placeDep ROOT lightningcss-freebsd-x64@1.32.0 OK for: lightningcss@1.32.0 want: 1.32.0
654 silly placeDep ROOT lightningcss-linux-arm-gnueabihf@1.32.0 OK for: lightningcss@1.32.0 want: 1.32.0
655 silly placeDep ROOT lightningcss-linux-arm64-gnu@1.32.0 OK for: lightningcss@1.32.0 want: 1.32.0
656 silly placeDep ROOT lightningcss-linux-arm64-musl@1.32.0 OK for: lightningcss@1.32.0 want: 1.32.0
657 silly placeDep ROOT lightningcss-linux-x64-gnu@1.32.0 OK for: lightningcss@1.32.0 want: 1.32.0
658 silly placeDep ROOT lightningcss-linux-x64-musl@1.32.0 OK for: lightningcss@1.32.0 want: 1.32.0
659 silly placeDep ROOT lightningcss-win32-arm64-msvc@1.32.0 OK for: lightningcss@1.32.0 want: 1.32.0
660 silly placeDep ROOT lightningcss-win32-x64-msvc@1.32.0 OK for: lightningcss@1.32.0 want: 1.32.0
661 silly placeDep ROOT yallist@3.1.1 OK for: lru-cache@5.1.1 want: ^3.0.2
662 silly placeDep ROOT scheduler@0.28.0 OK for: react-dom@19.3.0 want: ^0.28.0
663 silly fetch manifest react@>=18
664 silly packumentCache full:https://registry.npmjs.org/react cache-miss
665 http cache https://registry.npmjs.org/react 21ms (cache hit)
666 silly packumentCache full:https://registry.npmjs.org/react set size:6997055 disposed:false
667 silly fetch manifest react-dom@>=18
668 silly packumentCache full:https://registry.npmjs.org/react-dom cache-miss
669 http cache https://registry.npmjs.org/react-dom 26ms (cache hit)
670 silly packumentCache full:https://registry.npmjs.org/react-dom set size:9424681 disposed:false
671 silly placeDep ROOT react-router@7.18.4 OK for: react-router-dom@7.18.4 want: 7.18.4
672 silly fetch manifest cookie@^1.0.1
673 silly packumentCache full:https://registry.npmjs.org/cookie cache-miss
674 silly fetch manifest set-cookie-parser@^2.6.0
675 silly packumentCache full:https://registry.npmjs.org/set-cookie-parser cache-miss
676 http cache https://registry.npmjs.org/cookie 9ms (cache hit)
677 silly packumentCache full:https://registry.npmjs.org/cookie set size:78274 disposed:false
678 http cache https://registry.npmjs.org/set-cookie-parser 11ms (cache hit)
679 silly packumentCache full:https://registry.npmjs.org/set-cookie-parser set size:78186 disposed:false
680 silly placeDep ROOT cookie@1.1.1 OK for: react-router@7.18.4 want: ^1.0.1
681 silly placeDep ROOT set-cookie-parser@2.7.2 OK for: react-router@7.18.4 want: ^2.6.0
682 silly fetch manifest react@^16.0.0 || ^17.0.0 || ^18.0.0 || ^19.0.0
683 silly packumentCache full:https://registry.npmjs.org/react cache-miss
684 http cache https://registry.npmjs.org/react 22ms (cache hit)
685 silly packumentCache full:https://registry.npmjs.org/react set size:6997055 disposed:false
686 silly fetch manifest react-dom@^16.0.0 || ^17.0.0 || ^18.0.0 || ^19.0.0
687 silly packumentCache full:https://registry.npmjs.org/react-dom cache-miss
688 http cache https://registry.npmjs.org/react-dom 54ms (cache hit)
689 silly packumentCache full:https://registry.npmjs.org/react-dom set size:9424681 disposed:false
690 silly placeDep ROOT eventemitter3@4.0.7 OK for: recharts@2.15.4 want: ^4.0.1
691 silly placeDep ROOT lodash@4.18.1 OK for: recharts@2.15.4 want: ^4.17.21
692 silly placeDep ROOT react-is@18.3.1 OK for: recharts@2.15.4 want: ^18.3.1
693 silly placeDep ROOT react-smooth@4.0.4 OK for: recharts@2.15.4 want: ^4.0.4
694 silly placeDep ROOT recharts-scale@0.4.5 OK for: recharts@2.15.4 want: ^0.4.4
695 silly placeDep ROOT tiny-invariant@1.3.3 OK for: recharts@2.15.4 want: ^1.3.1
696 silly placeDep ROOT victory-vendor@36.9.2 OK for: recharts@2.15.4 want: ^36.6.8
697 silly fetch manifest fast-equals@^5.0.1
698 silly packumentCache full:https://registry.npmjs.org/fast-equals cache-miss
699 silly fetch manifest prop-types@^15.8.1
700 silly packumentCache full:https://registry.npmjs.org/prop-types cache-miss
701 silly fetch manifest react-transition-group@^4.4.5
702 silly packumentCache full:https://registry.npmjs.org/react-transition-group cache-miss
703 http cache https://registry.npmjs.org/prop-types 6ms (cache hit)
704 silly packumentCache full:https://registry.npmjs.org/prop-types set size:76747 disposed:false
705 silly fetch manifest decimal.js-light@^2.4.1
706 silly packumentCache full:https://registry.npmjs.org/decimal.js-light cache-miss
707 http cache https://registry.npmjs.org/fast-equals 9ms (cache hit)
708 silly packumentCache full:https://registry.npmjs.org/fast-equals set size:336039 disposed:false
709 silly fetch manifest d3-ease@^3.0.1
710 silly packumentCache full:https://registry.npmjs.org/d3-ease cache-miss
711 http cache https://registry.npmjs.org/react-transition-group 13ms (cache hit)
712 silly packumentCache full:https://registry.npmjs.org/react-transition-group set size:110654 disposed:false
713 silly fetch manifest d3-time@^3.0.0
714 silly packumentCache full:https://registry.npmjs.org/d3-time cache-miss
715 http cache https://registry.npmjs.org/d3-ease 8ms (cache hit)
716 silly packumentCache full:https://registry.npmjs.org/d3-ease set size:109490 disposed:false
717 silly fetch manifest d3-array@^3.1.6
718 silly packumentCache full:https://registry.npmjs.org/d3-array cache-miss
719 http cache https://registry.npmjs.org/decimal.js-light 15ms (cache hit)
720 silly packumentCache full:https://registry.npmjs.org/decimal.js-light set size:38254 disposed:false
721 silly fetch manifest d3-scale@^4.0.2
722 silly packumentCache full:https://registry.npmjs.org/d3-scale cache-miss
723 http cache https://registry.npmjs.org/d3-time 9ms (cache hit)
724 silly packumentCache full:https://registry.npmjs.org/d3-time set size:150406 disposed:false
725 silly fetch manifest d3-shape@^3.1.0
726 silly packumentCache full:https://registry.npmjs.org/d3-shape cache-miss
727 http cache https://registry.npmjs.org/d3-array 9ms (cache hit)
728 silly packumentCache full:https://registry.npmjs.org/d3-array set size:246308 disposed:false
729 silly fetch manifest d3-timer@^3.0.1
730 silly packumentCache full:https://registry.npmjs.org/d3-timer cache-miss
731 http cache https://registry.npmjs.org/d3-scale 13ms (cache hit)
732 silly packumentCache full:https://registry.npmjs.org/d3-scale set size:514172 disposed:false
733 silly fetch manifest @types/d3-ease@^3.0.0
734 silly packumentCache full:https://registry.npmjs.org/@types%2fd3-ease cache-miss
735 http cache https://registry.npmjs.org/d3-shape 17ms (cache hit)
736 silly packumentCache full:https://registry.npmjs.org/d3-shape set size:275657 disposed:false
737 silly fetch manifest @types/d3-time@^3.0.0
738 silly packumentCache full:https://registry.npmjs.org/@types%2fd3-time cache-miss
739 http cache https://registry.npmjs.org/@types%2fd3-ease 8ms (cache hit)
740 silly packumentCache full:https://registry.npmjs.org/@types%2fd3-ease set size:41281 disposed:false
741 silly fetch manifest d3-interpolate@^3.0.1
742 silly packumentCache full:https://registry.npmjs.org/d3-interpolate cache-miss
743 http cache https://registry.npmjs.org/d3-timer 18ms (cache hit)
744 silly packumentCache full:https://registry.npmjs.org/d3-timer set size:101516 disposed:false
745 silly fetch manifest @types/d3-array@^3.0.3
746 silly packumentCache full:https://registry.npmjs.org/@types%2fd3-array cache-miss
747 http cache https://registry.npmjs.org/@types%2fd3-time 8ms (cache hit)
748 silly packumentCache full:https://registry.npmjs.org/@types%2fd3-time set size:52652 disposed:false
749 silly fetch manifest @types/d3-scale@^4.0.2
750 silly packumentCache full:https://registry.npmjs.org/@types%2fd3-scale cache-miss
751 http cache https://registry.npmjs.org/@types%2fd3-scale 5ms (cache hit)
752 silly packumentCache full:https://registry.npmjs.org/@types%2fd3-scale set size:131176 disposed:false
753 silly fetch manifest @types/d3-shape@^3.1.0
754 silly packumentCache full:https://registry.npmjs.org/@types%2fd3-shape cache-miss
755 http cache https://registry.npmjs.org/@types%2fd3-array 9ms (cache hit)
756 silly packumentCache full:https://registry.npmjs.org/@types%2fd3-array set size:130543 disposed:false
757 silly fetch manifest @types/d3-timer@^3.0.0
758 silly packumentCache full:https://registry.npmjs.org/@types%2fd3-timer cache-miss
759 http cache https://registry.npmjs.org/d3-interpolate 14ms (cache hit)
760 silly packumentCache full:https://registry.npmjs.org/d3-interpolate set size:162337 disposed:false
761 silly fetch manifest @types/d3-interpolate@^3.0.1
762 silly packumentCache full:https://registry.npmjs.org/@types%2fd3-interpolate cache-miss
763 http cache https://registry.npmjs.org/@types%2fd3-timer 8ms (cache hit)
764 silly packumentCache full:https://registry.npmjs.org/@types%2fd3-timer set size:38776 disposed:false
765 http cache https://registry.npmjs.org/@types%2fd3-shape 13ms (cache hit)
766 silly packumentCache full:https://registry.npmjs.org/@types%2fd3-shape set size:118722 disposed:false
767 http cache https://registry.npmjs.org/@types%2fd3-interpolate 9ms (cache hit)
768 silly packumentCache full:https://registry.npmjs.org/@types%2fd3-interpolate set size:56692 disposed:false
769 silly fetch manifest react@^16.8.0 || ^17.0.0 || ^18.0.0 || ^19.0.0
770 silly packumentCache full:https://registry.npmjs.org/react cache-miss
771 http cache https://registry.npmjs.org/react 17ms (cache hit)
772 silly packumentCache full:https://registry.npmjs.org/react set size:6997055 disposed:false
773 silly fetch manifest react-dom@^16.8.0 || ^17.0.0 || ^18.0.0 || ^19.0.0
774 silly packumentCache full:https://registry.npmjs.org/react-dom cache-miss
775 http cache https://registry.npmjs.org/react-dom 42ms (cache hit)
776 silly packumentCache full:https://registry.npmjs.org/react-dom set size:9424681 disposed:false
777 silly placeDep ROOT fast-equals@5.4.2 OK for: react-smooth@4.0.4 want: ^5.0.1
778 silly placeDep ROOT prop-types@15.8.1 OK for: react-smooth@4.0.4 want: ^15.8.1
779 silly placeDep ROOT react-transition-group@4.4.5 OK for: react-smooth@4.0.4 want: ^4.4.5
780 silly fetch manifest loose-envify@^1.4.0
781 silly packumentCache full:https://registry.npmjs.org/loose-envify cache-miss
782 silly fetch manifest object-assign@^4.1.1
783 silly packumentCache full:https://registry.npmjs.org/object-assign cache-miss
784 silly fetch manifest react-is@^16.13.1
785 silly packumentCache full:https://registry.npmjs.org/react-is cache-miss
786 http cache https://registry.npmjs.org/react-is 20ms (cache hit)
787 silly packumentCache full:https://registry.npmjs.org/react-is set size:5663357 disposed:false
788 silly fetch manifest @babel/runtime@^7.5.5
789 silly packumentCache full:https://registry.npmjs.org/@babel%2fruntime cache-miss
790 http cache https://registry.npmjs.org/object-assign 59ms (cache hit)
791 silly packumentCache full:https://registry.npmjs.org/object-assign set size:28988 disposed:false
792 silly fetch manifest dom-helpers@^5.0.1
793 silly packumentCache full:https://registry.npmjs.org/dom-helpers cache-miss
794 http cache https://registry.npmjs.org/loose-envify 62ms (cache hit)
795 silly packumentCache full:https://registry.npmjs.org/loose-envify set size:12559 disposed:false
796 http cache https://registry.npmjs.org/dom-helpers 6ms (cache hit)
797 silly packumentCache full:https://registry.npmjs.org/dom-helpers set size:76331 disposed:false
798 http cache https://registry.npmjs.org/@babel%2fruntime 20ms (cache hit)
799 silly packumentCache full:https://registry.npmjs.org/@babel%2fruntime set size:3488363 disposed:false
800 silly placeDep ROOT loose-envify@1.4.0 OK for: prop-types@15.8.1 want: ^1.4.0
801 silly placeDep ROOT object-assign@4.1.1 OK for: prop-types@15.8.1 want: ^4.1.1
802 silly placeDep node_modules/prop-types react-is@16.13.1 OK for: prop-types@15.8.1 want: ^16.13.1
803 silly placeDep ROOT @babel/runtime@7.29.7 OK for: react-transition-group@4.4.5 want: ^7.5.5
804 silly placeDep ROOT dom-helpers@5.2.1 OK for: react-transition-group@4.4.5 want: ^5.0.1
805 silly placeDep ROOT decimal.js-light@2.5.1 OK for: recharts-scale@0.4.5 want: ^2.4.1
806 silly placeDep ROOT escalade@3.2.0 OK for: update-browserslist-db@1.3.3 want: ^3.2.0
807 silly placeDep ROOT @types/d3-array@3.2.2 OK for: victory-vendor@36.9.2 want: ^3.0.3
808 silly placeDep ROOT @types/d3-ease@3.0.2 OK for: victory-vendor@36.9.2 want: ^3.0.0
809 silly placeDep ROOT @types/d3-interpolate@3.0.4 OK for: victory-vendor@36.9.2 want: ^3.0.1
810 silly placeDep ROOT @types/d3-scale@4.0.9 OK for: victory-vendor@36.9.2 want: ^4.0.2
811 silly placeDep ROOT @types/d3-shape@3.2.0 OK for: victory-vendor@36.9.2 want: ^3.1.0
812 silly placeDep ROOT @types/d3-time@3.0.4 OK for: victory-vendor@36.9.2 want: ^3.0.0
813 silly placeDep ROOT @types/d3-timer@3.0.2 OK for: victory-vendor@36.9.2 want: ^3.0.0
814 silly placeDep ROOT d3-array@3.2.4 OK for: victory-vendor@36.9.2 want: ^3.1.6
815 silly placeDep ROOT d3-ease@3.0.1 OK for: victory-vendor@36.9.2 want: ^3.0.1
816 silly placeDep ROOT d3-interpolate@3.0.1 OK for: victory-vendor@36.9.2 want: ^3.0.1
817 silly placeDep ROOT d3-scale@4.0.2 OK for: victory-vendor@36.9.2 want: ^4.0.2
818 silly placeDep ROOT d3-shape@3.2.0 OK for: victory-vendor@36.9.2 want: ^3.1.0
819 silly placeDep ROOT d3-time@3.1.0 OK for: victory-vendor@36.9.2 want: ^3.0.0
820 silly placeDep ROOT d3-timer@3.0.1 OK for: victory-vendor@36.9.2 want: ^3.0.1
821 silly fetch manifest @types/d3-color@*
822 silly packumentCache full:https://registry.npmjs.org/@types%2fd3-color cache-miss
823 silly fetch manifest @types/d3-time@*
824 silly packumentCache full:https://registry.npmjs.org/@types%2fd3-time cache-hit
825 silly fetch manifest @types/d3-path@*
826 silly packumentCache full:https://registry.npmjs.org/@types%2fd3-path cache-miss
827 silly fetch manifest internmap@1 - 2
828 silly packumentCache full:https://registry.npmjs.org/internmap cache-miss
829 http cache https://registry.npmjs.org/@types%2fd3-path 10ms (cache hit)
830 silly packumentCache full:https://registry.npmjs.org/@types%2fd3-path set size:41268 disposed:false
831 silly fetch manifest d3-color@1 - 3
832 silly packumentCache full:https://registry.npmjs.org/d3-color cache-miss
833 http cache https://registry.npmjs.org/@types%2fd3-color 13ms (cache hit)
834 silly packumentCache full:https://registry.npmjs.org/@types%2fd3-color set size:69998 disposed:false
835 silly fetch manifest d3-format@1 - 3
836 silly packumentCache full:https://registry.npmjs.org/d3-format cache-miss
837 http cache https://registry.npmjs.org/internmap 14ms (cache hit)
838 silly packumentCache full:https://registry.npmjs.org/internmap set size:19637 disposed:false
839 silly fetch manifest d3-time@2.1.1 - 3
840 silly packumentCache full:https://registry.npmjs.org/d3-time cache-hit
841 silly fetch manifest d3-time-format@2 - 4
842 silly packumentCache full:https://registry.npmjs.org/d3-time-format cache-miss
843 http cache https://registry.npmjs.org/d3-format 10ms (cache hit)
844 silly packumentCache full:https://registry.npmjs.org/d3-format set size:107249 disposed:false
845 silly fetch manifest d3-path@^3.1.0
846 silly packumentCache full:https://registry.npmjs.org/d3-path cache-miss
847 http cache https://registry.npmjs.org/d3-time-format 9ms (cache hit)
848 silly packumentCache full:https://registry.npmjs.org/d3-time-format set size:124514 disposed:false
849 http cache https://registry.npmjs.org/d3-color 20ms (cache hit)
850 silly packumentCache full:https://registry.npmjs.org/d3-color set size:142335 disposed:false
851 http cache https://registry.npmjs.org/d3-path 15ms (cache hit)
852 silly packumentCache full:https://registry.npmjs.org/d3-path set size:77883 disposed:false
853 silly placeDep ROOT @types/d3-color@3.1.3 OK for: @types/d3-interpolate@3.0.4 want: *
854 silly placeDep ROOT @types/d3-path@3.1.1 OK for: @types/d3-shape@3.2.0 want: *
855 silly placeDep ROOT internmap@2.0.3 OK for: d3-array@3.2.4 want: 1 - 2
856 silly placeDep ROOT d3-color@3.1.0 OK for: d3-interpolate@3.0.1 want: 1 - 3
857 silly placeDep ROOT d3-format@3.1.2 OK for: d3-scale@4.0.2 want: 1 - 3
858 silly placeDep ROOT d3-time-format@4.1.0 OK for: d3-scale@4.0.2 want: 2 - 4
859 silly placeDep ROOT d3-path@3.1.0 OK for: d3-shape@3.2.0 want: ^3.1.0
860 silly placeDep ROOT esbuild@0.25.12 OK for: vite@6.4.3 want: ^0.25.0
861 silly placeDep ROOT fdir@6.5.0 OK for: vite@6.4.3 want: ^6.4.4
862 silly placeDep ROOT fsevents@2.3.3 OK for: vite@6.4.3 want: ~2.3.3
863 silly placeDep ROOT picomatch@4.0.7 OK for: vite@6.4.3 want: ^4.0.2
864 silly placeDep ROOT postcss@8.5.28 OK for: vite@6.4.3 want: ^8.5.3
865 silly placeDep ROOT rollup@4.63.4 OK for: vite@6.4.3 want: ^4.34.9
866 silly placeDep ROOT tinyglobby@0.2.17 OK for: vite@6.4.3 want: ^0.2.13
867 silly fetch manifest @esbuild/aix-ppc64@0.25.12
868 silly packumentCache full:https://registry.npmjs.org/@esbuild%2faix-ppc64 cache-miss
869 silly fetch manifest @esbuild/linux-arm@0.25.12
870 silly packumentCache full:https://registry.npmjs.org/@esbuild%2flinux-arm cache-miss
871 silly fetch manifest @esbuild/linux-x64@0.25.12
872 silly packumentCache full:https://registry.npmjs.org/@esbuild%2flinux-x64 cache-miss
873 http cache https://registry.npmjs.org/@esbuild%2flinux-arm 7ms (cache hit)
874 silly packumentCache full:https://registry.npmjs.org/@esbuild%2flinux-arm set size:198596 disposed:false
875 silly fetch manifest @esbuild/sunos-x64@0.25.12
876 silly packumentCache full:https://registry.npmjs.org/@esbuild%2fsunos-x64 cache-miss
877 http cache https://registry.npmjs.org/@esbuild%2flinux-x64 14ms (cache hit)
878 silly packumentCache full:https://registry.npmjs.org/@esbuild%2flinux-x64 set size:198942 disposed:false
879 silly fetch manifest @esbuild/win32-x64@0.25.12
880 silly packumentCache full:https://registry.npmjs.org/@esbuild%2fwin32-x64 cache-miss
881 http cache https://registry.npmjs.org/@esbuild%2faix-ppc64 20ms (cache hit)
882 silly packumentCache full:https://registry.npmjs.org/@esbuild%2faix-ppc64 set size:67797 disposed:false
883 silly fetch manifest @esbuild/darwin-x64@0.25.12
884 silly packumentCache full:https://registry.npmjs.org/@esbuild%2fdarwin-x64 cache-miss
885 http cache https://registry.npmjs.org/@esbuild%2fsunos-x64 16ms (cache hit)
886 silly packumentCache full:https://registry.npmjs.org/@esbuild%2fsunos-x64 set size:199187 disposed:false
887 silly fetch manifest @esbuild/linux-ia32@0.25.12
888 silly packumentCache full:https://registry.npmjs.org/@esbuild%2flinux-ia32 cache-miss
889 http cache https://registry.npmjs.org/@esbuild%2fwin32-x64 14ms (cache hit)
890 silly packumentCache full:https://registry.npmjs.org/@esbuild%2fwin32-x64 set size:197540 disposed:false
891 silly fetch manifest @esbuild/netbsd-x64@0.25.12
892 silly packumentCache full:https://registry.npmjs.org/@esbuild%2fnetbsd-x64 cache-miss
893 http cache https://registry.npmjs.org/@esbuild%2fdarwin-x64 14ms (cache hit)
894 silly packumentCache full:https://registry.npmjs.org/@esbuild%2fdarwin-x64 set size:199670 disposed:false
895 silly fetch manifest @esbuild/win32-ia32@0.25.12
896 silly packumentCache full:https://registry.npmjs.org/@esbuild%2fwin32-ia32 cache-miss
897 http cache https://registry.npmjs.org/@esbuild%2flinux-ia32 13ms (cache hit)
898 silly packumentCache full:https://registry.npmjs.org/@esbuild%2flinux-ia32 set size:199625 disposed:false
899 silly fetch manifest @esbuild/android-arm@0.25.12
900 silly packumentCache full:https://registry.npmjs.org/@esbuild%2fandroid-arm cache-miss
901 http cache https://registry.npmjs.org/@esbuild%2fnetbsd-x64 13ms (cache hit)
902 silly packumentCache full:https://registry.npmjs.org/@esbuild%2fnetbsd-x64 set size:197314 disposed:false
903 silly fetch manifest @esbuild/android-x64@0.25.12
904 silly packumentCache full:https://registry.npmjs.org/@esbuild%2fandroid-x64 cache-miss
905 http cache https://registry.npmjs.org/@esbuild%2fwin32-ia32 14ms (cache hit)
906 silly packumentCache full:https://registry.npmjs.org/@esbuild%2fwin32-ia32 set size:199854 disposed:false
907 silly fetch manifest @esbuild/freebsd-x64@0.25.12
908 silly packumentCache full:https://registry.npmjs.org/@esbuild%2ffreebsd-x64 cache-miss
909 http cache https://registry.npmjs.org/@esbuild%2fandroid-arm 15ms (cache hit)
910 silly packumentCache full:https://registry.npmjs.org/@esbuild%2fandroid-arm set size:225217 disposed:false
911 silly fetch manifest @esbuild/linux-arm64@0.25.12
912 silly packumentCache full:https://registry.npmjs.org/@esbuild%2flinux-arm64 cache-miss
913 http cache https://registry.npmjs.org/@esbuild%2ffreebsd-x64 11ms (cache hit)
914 silly packumentCache full:https://registry.npmjs.org/@esbuild%2ffreebsd-x64 set size:200565 disposed:false
915 silly fetch manifest @esbuild/linux-ppc64@0.25.12
916 silly packumentCache full:https://registry.npmjs.org/@esbuild%2flinux-ppc64 cache-miss
917 http cache https://registry.npmjs.org/@esbuild%2fandroid-x64 20ms (cache hit)
918 silly packumentCache full:https://registry.npmjs.org/@esbuild%2fandroid-x64 set size:199017 disposed:false
919 silly fetch manifest @esbuild/linux-s390x@0.25.12
920 silly packumentCache full:https://registry.npmjs.org/@esbuild%2flinux-s390x cache-miss
921 http cache https://registry.npmjs.org/@esbuild%2flinux-s390x 6ms (cache hit)
922 silly packumentCache full:https://registry.npmjs.org/@esbuild%2flinux-s390x set size:202310 disposed:false
923 silly fetch manifest @esbuild/openbsd-x64@0.25.12
924 silly packumentCache full:https://registry.npmjs.org/@esbuild%2fopenbsd-x64 cache-miss
925 http cache https://registry.npmjs.org/@esbuild%2flinux-ppc64 12ms (cache hit)
926 silly packumentCache full:https://registry.npmjs.org/@esbuild%2flinux-ppc64 set size:202845 disposed:false
927 silly fetch manifest @esbuild/win32-arm64@0.25.12
928 silly packumentCache full:https://registry.npmjs.org/@esbuild%2fwin32-arm64 cache-miss
929 http cache https://registry.npmjs.org/@esbuild%2flinux-arm64 20ms (cache hit)
930 silly packumentCache full:https://registry.npmjs.org/@esbuild%2flinux-arm64 set size:200773 disposed:false
931 silly fetch manifest @esbuild/darwin-arm64@0.25.12
932 silly packumentCache full:https://registry.npmjs.org/@esbuild%2fdarwin-arm64 cache-miss
933 http cache https://registry.npmjs.org/@esbuild%2fwin32-arm64 9ms (cache hit)
934 silly packumentCache full:https://registry.npmjs.org/@esbuild%2fwin32-arm64 set size:201005 disposed:false
935 silly fetch manifest @esbuild/netbsd-arm64@0.25.12
936 silly packumentCache full:https://registry.npmjs.org/@esbuild%2fnetbsd-arm64 cache-miss
937 http cache https://registry.npmjs.org/@esbuild%2fopenbsd-x64 16ms (cache hit)
938 silly packumentCache full:https://registry.npmjs.org/@esbuild%2fopenbsd-x64 set size:200576 disposed:false
939 silly fetch manifest @esbuild/android-arm64@0.25.12
940 silly packumentCache full:https://registry.npmjs.org/@esbuild%2fandroid-arm64 cache-miss
941 http cache https://registry.npmjs.org/@esbuild%2fdarwin-arm64 13ms (cache hit)
942 silly packumentCache full:https://registry.npmjs.org/@esbuild%2fdarwin-arm64 set size:201471 disposed:false
943 silly fetch manifest @esbuild/freebsd-arm64@0.25.12
944 silly packumentCache full:https://registry.npmjs.org/@esbuild%2ffreebsd-arm64 cache-miss
945 http cache https://registry.npmjs.org/@esbuild%2fnetbsd-arm64 13ms (cache hit)
946 silly packumentCache full:https://registry.npmjs.org/@esbuild%2fnetbsd-arm64 set size:44308 disposed:false
947 silly fetch manifest @esbuild/linux-loong64@0.25.12
948 silly packumentCache full:https://registry.npmjs.org/@esbuild%2flinux-loong64 cache-miss
949 http cache https://registry.npmjs.org/@esbuild%2ffreebsd-arm64 12ms (cache hit)
950 silly packumentCache full:https://registry.npmjs.org/@esbuild%2ffreebsd-arm64 set size:202383 disposed:false
951 silly fetch manifest @esbuild/linux-riscv64@0.25.12
952 silly packumentCache full:https://registry.npmjs.org/@esbuild%2flinux-riscv64 cache-miss
953 http cache https://registry.npmjs.org/@esbuild%2fandroid-arm64 19ms (cache hit)
954 silly packumentCache full:https://registry.npmjs.org/@esbuild%2fandroid-arm64 set size:204216 disposed:false
955 silly fetch manifest @esbuild/openbsd-arm64@0.25.12
956 silly packumentCache full:https://registry.npmjs.org/@esbuild%2fopenbsd-arm64 cache-miss
957 http cache https://registry.npmjs.org/@esbuild%2flinux-loong64 16ms (cache hit)
958 silly packumentCache full:https://registry.npmjs.org/@esbuild%2flinux-loong64 set size:255749 disposed:false
959 silly fetch manifest @esbuild/linux-mips64el@0.25.12
960 silly packumentCache full:https://registry.npmjs.org/@esbuild%2flinux-mips64el cache-miss
961 http cache https://registry.npmjs.org/@esbuild%2flinux-riscv64 13ms (cache hit)
962 silly packumentCache full:https://registry.npmjs.org/@esbuild%2flinux-riscv64 set size:202512 disposed:false
963 silly fetch manifest @esbuild/openharmony-arm64@0.25.12
964 silly packumentCache full:https://registry.npmjs.org/@esbuild%2fopenharmony-arm64 cache-miss
965 http cache https://registry.npmjs.org/@esbuild%2fopenbsd-arm64 14ms (cache hit)
966 silly packumentCache full:https://registry.npmjs.org/@esbuild%2fopenbsd-arm64 set size:49642 disposed:false
967 silly fetch manifest nanoid@^3.3.18
968 silly packumentCache full:https://registry.npmjs.org/nanoid cache-miss
969 http cache https://registry.npmjs.org/@esbuild%2fopenharmony-arm64 7ms (cache hit)
970 silly packumentCache full:https://registry.npmjs.org/@esbuild%2fopenharmony-arm64 set size:33054 disposed:false
971 silly fetch manifest @types/estree@1.0.9
972 silly packumentCache full:https://registry.npmjs.org/@types%2festree cache-miss
973 http cache https://registry.npmjs.org/@esbuild%2flinux-mips64el 15ms (cache hit)
974 silly packumentCache full:https://registry.npmjs.org/@esbuild%2flinux-mips64el set size:204633 disposed:false
975 silly fetch manifest @rollup/rollup-darwin-x64@4.63.4
976 silly packumentCache full:https://registry.npmjs.org/@rollup%2frollup-darwin-x64 cache-miss
977 http cache https://registry.npmjs.org/nanoid 13ms (cache hit)
978 silly packumentCache full:https://registry.npmjs.org/nanoid set size:345858 disposed:false
979 silly fetch manifest @rollup/rollup-freebsd-x64@4.63.4
980 silly packumentCache full:https://registry.npmjs.org/@rollup%2frollup-freebsd-x64 cache-miss
981 http cache https://registry.npmjs.org/@rollup%2frollup-darwin-x64 16ms (cache hit)
982 silly packumentCache full:https://registry.npmjs.org/@rollup%2frollup-darwin-x64 set size:358208 disposed:false
983 silly fetch manifest @rollup/rollup-openbsd-x64@4.63.4
984 silly packumentCache full:https://registry.npmjs.org/@rollup%2frollup-openbsd-x64 cache-miss
985 http cache https://registry.npmjs.org/@types%2festree 26ms (cache hit)
986 silly packumentCache full:https://registry.npmjs.org/@types%2festree set size:76072 disposed:false
987 silly fetch manifest @napi-rs/lzma-linux-x64-gnu@1.5.1
988 silly packumentCache full:https://registry.npmjs.org/@napi-rs%2flzma-linux-x64-gnu cache-miss
989 http cache https://registry.npmjs.org/@rollup%2frollup-freebsd-x64 17ms (cache hit)
990 silly packumentCache full:https://registry.npmjs.org/@rollup%2frollup-freebsd-x64 set size:210912 disposed:false
991 silly fetch manifest @rollup/rollup-darwin-arm64@4.63.4
992 silly packumentCache full:https://registry.npmjs.org/@rollup%2frollup-darwin-arm64 cache-miss
993 http cache https://registry.npmjs.org/@rollup%2frollup-openbsd-x64 13ms (cache hit)
994 silly packumentCache full:https://registry.npmjs.org/@rollup%2frollup-openbsd-x64 set size:55652 disposed:false
995 silly fetch manifest @rollup/rollup-android-arm64@4.63.4
996 silly packumentCache full:https://registry.npmjs.org/@rollup%2frollup-android-arm64 cache-miss
997 http cache https://registry.npmjs.org/@napi-rs%2flzma-linux-x64-gnu 11ms (cache hit)
998 silly packumentCache full:https://registry.npmjs.org/@napi-rs%2flzma-linux-x64-gnu set size:31508 disposed:false
999 silly fetch manifest @rollup/rollup-freebsd-arm64@4.63.4
1000 silly packumentCache full:https://registry.npmjs.org/@rollup%2frollup-freebsd-arm64 cache-miss
1001 http cache https://registry.npmjs.org/@rollup%2frollup-darwin-arm64 12ms (cache hit)
1002 silly packumentCache full:https://registry.npmjs.org/@rollup%2frollup-darwin-arm64 set size:363217 disposed:false
1003 silly fetch manifest @rollup/rollup-linux-x64-gnu@4.63.4
1004 silly packumentCache full:https://registry.npmjs.org/@rollup%2frollup-linux-x64-gnu cache-miss
1005 http cache https://registry.npmjs.org/@rollup%2frollup-android-arm64 14ms (cache hit)
1006 silly packumentCache full:https://registry.npmjs.org/@rollup%2frollup-android-arm64 set size:364819 disposed:false
1007 silly fetch manifest @rollup/rollup-win32-x64-gnu@4.63.4
1008 silly packumentCache full:https://registry.npmjs.org/@rollup%2frollup-win32-x64-gnu cache-miss
1009 http cache https://registry.npmjs.org/@rollup%2frollup-freebsd-arm64 26ms (cache hit)
1010 silly packumentCache full:https://registry.npmjs.org/@rollup%2frollup-freebsd-arm64 set size:213026 disposed:false
1011 silly fetch manifest @rollup/rollup-linux-x64-musl@4.63.4
1012 silly packumentCache full:https://registry.npmjs.org/@rollup%2frollup-linux-x64-musl cache-miss
1013 http cache https://registry.npmjs.org/@rollup%2frollup-linux-x64-gnu 25ms (cache hit)
1014 silly packumentCache full:https://registry.npmjs.org/@rollup%2frollup-linux-x64-gnu set size:365774 disposed:false
1015 silly fetch manifest @rollup/rollup-win32-x64-msvc@4.63.4
1016 silly packumentCache full:https://registry.npmjs.org/@rollup%2frollup-win32-x64-msvc cache-miss
1017 http cache https://registry.npmjs.org/@rollup%2frollup-win32-x64-gnu 25ms (cache hit)
1018 silly packumentCache full:https://registry.npmjs.org/@rollup%2frollup-win32-x64-gnu set size:86414 disposed:false
1019 silly fetch manifest @rollup/rollup-linux-arm64-gnu@4.63.4
1020 silly packumentCache full:https://registry.npmjs.org/@rollup%2frollup-linux-arm64-gnu cache-miss
1021 http cache https://registry.npmjs.org/@rollup%2frollup-linux-x64-musl 16ms (cache hit)
1022 silly packumentCache full:https://registry.npmjs.org/@rollup%2frollup-linux-x64-musl set size:365196 disposed:false
1023 silly fetch manifest @rollup/rollup-linux-ppc64-gnu@4.63.4
1024 silly packumentCache full:https://registry.npmjs.org/@rollup%2frollup-linux-ppc64-gnu cache-miss
1025 http cache https://registry.npmjs.org/@rollup%2frollup-win32-x64-msvc 15ms (cache hit)
1026 silly packumentCache full:https://registry.npmjs.org/@rollup%2frollup-win32-x64-msvc set size:363415 disposed:false
1027 silly fetch manifest @rollup/rollup-linux-s390x-gnu@4.63.4
1028 silly packumentCache full:https://registry.npmjs.org/@rollup%2frollup-linux-s390x-gnu cache-miss
1029 http cache https://registry.npmjs.org/@rollup%2frollup-linux-arm64-gnu 20ms (cache hit)
1030 silly packumentCache full:https://registry.npmjs.org/@rollup%2frollup-linux-arm64-gnu set size:370840 disposed:false
1031 silly fetch manifest @rollup/rollup-win32-ia32-msvc@4.63.4
1032 silly packumentCache full:https://registry.npmjs.org/@rollup%2frollup-win32-ia32-msvc cache-miss
1033 http cache https://registry.npmjs.org/@rollup%2frollup-linux-ppc64-gnu 19ms (cache hit)
1034 silly packumentCache full:https://registry.npmjs.org/@rollup%2frollup-linux-ppc64-gnu set size:115522 disposed:false
1035 silly fetch manifest @rollup/rollup-android-arm-eabi@4.63.4
1036 silly packumentCache full:https://registry.npmjs.org/@rollup%2frollup-android-arm-eabi cache-miss
1037 http cache https://registry.npmjs.org/@rollup%2frollup-linux-s390x-gnu 16ms (cache hit)
1038 silly packumentCache full:https://registry.npmjs.org/@rollup%2frollup-linux-s390x-gnu set size:270686 disposed:false
1039 silly fetch manifest @rollup/rollup-linux-arm64-musl@4.63.4
1040 silly packumentCache full:https://registry.npmjs.org/@rollup%2frollup-linux-arm64-musl cache-miss
1041 http cache https://registry.npmjs.org/@rollup%2frollup-win32-ia32-msvc 18ms (cache hit)
1042 silly packumentCache full:https://registry.npmjs.org/@rollup%2frollup-win32-ia32-msvc set size:366876 disposed:false
1043 silly fetch manifest @rollup/rollup-linux-ppc64-musl@4.63.4
1044 silly packumentCache full:https://registry.npmjs.org/@rollup%2frollup-linux-ppc64-musl cache-miss
1045 http cache https://registry.npmjs.org/@rollup%2frollup-android-arm-eabi 20ms (cache hit)
1046 silly packumentCache full:https://registry.npmjs.org/@rollup%2frollup-android-arm-eabi set size:368472 disposed:false
1047 silly fetch manifest @rollup/rollup-win32-arm64-msvc@4.63.4
1048 silly packumentCache full:https://registry.npmjs.org/@rollup%2frollup-win32-arm64-msvc cache-miss
1049 http cache https://registry.npmjs.org/@rollup%2frollup-linux-arm64-musl 18ms (cache hit)
1050 silly packumentCache full:https://registry.npmjs.org/@rollup%2frollup-linux-arm64-musl set size:326306 disposed:false
1051 silly fetch manifest @rollup/rollup-linux-loong64-gnu@4.63.4
1052 silly packumentCache full:https://registry.npmjs.org/@rollup%2frollup-linux-loong64-gnu cache-miss
1053 http cache https://registry.npmjs.org/@rollup%2frollup-linux-ppc64-musl 17ms (cache hit)
1054 silly packumentCache full:https://registry.npmjs.org/@rollup%2frollup-linux-ppc64-musl set size:57127 disposed:false
1055 silly fetch manifest @rollup/rollup-linux-riscv64-gnu@4.63.4
1056 silly packumentCache full:https://registry.npmjs.org/@rollup%2frollup-linux-riscv64-gnu cache-miss
1057 http cache https://registry.npmjs.org/@rollup%2frollup-win32-arm64-msvc 13ms (cache hit)
1058 silly packumentCache full:https://registry.npmjs.org/@rollup%2frollup-win32-arm64-msvc set size:368466 disposed:false
1059 silly fetch manifest @rollup/rollup-openharmony-arm64@4.63.4
1060 silly packumentCache full:https://registry.npmjs.org/@rollup%2frollup-openharmony-arm64 cache-miss
1061 http cache https://registry.npmjs.org/@rollup%2frollup-linux-loong64-gnu 14ms (cache hit)
1062 silly packumentCache full:https://registry.npmjs.org/@rollup%2frollup-linux-loong64-gnu set size:95512 disposed:false
1063 silly fetch manifest @rollup/rollup-linux-loong64-musl@4.63.4
1064 silly packumentCache full:https://registry.npmjs.org/@rollup%2frollup-linux-loong64-musl cache-miss
1065 http cache https://registry.npmjs.org/@rollup%2frollup-linux-riscv64-gnu 14ms (cache hit)
1066 silly packumentCache full:https://registry.npmjs.org/@rollup%2frollup-linux-riscv64-gnu set size:297194 disposed:false
1067 silly fetch manifest @rollup/rollup-linux-riscv64-musl@4.63.4
1068 silly packumentCache full:https://registry.npmjs.org/@rollup%2frollup-linux-riscv64-musl cache-miss
1069 http cache https://registry.npmjs.org/@rollup%2frollup-openharmony-arm64 12ms (cache hit)
1070 silly packumentCache full:https://registry.npmjs.org/@rollup%2frollup-openharmony-arm64 set size:96218 disposed:false
1071 silly fetch manifest @rollup/rollup-linux-arm-gnueabihf@4.63.4
1072 silly packumentCache full:https://registry.npmjs.org/@rollup%2frollup-linux-arm-gnueabihf cache-miss
1073 http cache https://registry.npmjs.org/@rollup%2frollup-linux-loong64-musl 14ms (cache hit)
1074 silly packumentCache full:https://registry.npmjs.org/@rollup%2frollup-linux-loong64-musl set size:57597 disposed:false
1075 silly fetch manifest @rollup/rollup-linux-arm-musleabihf@4.63.4
1076 silly packumentCache full:https://registry.npmjs.org/@rollup%2frollup-linux-arm-musleabihf cache-miss
1077 http cache https://registry.npmjs.org/@rollup%2frollup-linux-riscv64-musl 10ms (cache hit)
1078 silly packumentCache full:https://registry.npmjs.org/@rollup%2frollup-linux-riscv64-musl set size:143260 disposed:false
1079 http cache https://registry.npmjs.org/@rollup%2frollup-linux-arm-gnueabihf 13ms (cache hit)
1080 silly packumentCache full:https://registry.npmjs.org/@rollup%2frollup-linux-arm-gnueabihf set size:374675 disposed:false
1081 http cache https://registry.npmjs.org/@rollup%2frollup-linux-arm-musleabihf 17ms (cache hit)
1082 silly packumentCache full:https://registry.npmjs.org/@rollup%2frollup-linux-arm-musleabihf set size:268930 disposed:false
1083 silly placeDep ROOT @esbuild/aix-ppc64@0.25.12 OK for: esbuild@0.25.12 want: 0.25.12
1084 silly placeDep ROOT @esbuild/android-arm@0.25.12 OK for: esbuild@0.25.12 want: 0.25.12
1085 silly placeDep ROOT @esbuild/android-arm64@0.25.12 OK for: esbuild@0.25.12 want: 0.25.12
1086 silly placeDep ROOT @esbuild/android-x64@0.25.12 OK for: esbuild@0.25.12 want: 0.25.12
1087 silly placeDep ROOT @esbuild/darwin-arm64@0.25.12 OK for: esbuild@0.25.12 want: 0.25.12
1088 silly placeDep ROOT @esbuild/darwin-x64@0.25.12 OK for: esbuild@0.25.12 want: 0.25.12
1089 silly placeDep ROOT @esbuild/freebsd-arm64@0.25.12 OK for: esbuild@0.25.12 want: 0.25.12
1090 silly placeDep ROOT @esbuild/freebsd-x64@0.25.12 OK for: esbuild@0.25.12 want: 0.25.12
1091 silly placeDep ROOT @esbuild/linux-arm@0.25.12 OK for: esbuild@0.25.12 want: 0.25.12
1092 silly placeDep ROOT @esbuild/linux-arm64@0.25.12 OK for: esbuild@0.25.12 want: 0.25.12
1093 silly placeDep ROOT @esbuild/linux-ia32@0.25.12 OK for: esbuild@0.25.12 want: 0.25.12
1094 silly placeDep ROOT @esbuild/linux-loong64@0.25.12 OK for: esbuild@0.25.12 want: 0.25.12
1095 silly placeDep ROOT @esbuild/linux-mips64el@0.25.12 OK for: esbuild@0.25.12 want: 0.25.12
1096 silly placeDep ROOT @esbuild/linux-ppc64@0.25.12 OK for: esbuild@0.25.12 want: 0.25.12
1097 silly placeDep ROOT @esbuild/linux-riscv64@0.25.12 OK for: esbuild@0.25.12 want: 0.25.12
1098 silly placeDep ROOT @esbuild/linux-s390x@0.25.12 OK for: esbuild@0.25.12 want: 0.25.12
1099 silly placeDep ROOT @esbuild/linux-x64@0.25.12 OK for: esbuild@0.25.12 want: 0.25.12
1100 silly placeDep ROOT @esbuild/netbsd-arm64@0.25.12 OK for: esbuild@0.25.12 want: 0.25.12
1101 silly placeDep ROOT @esbuild/netbsd-x64@0.25.12 OK for: esbuild@0.25.12 want: 0.25.12
1102 silly placeDep ROOT @esbuild/openbsd-arm64@0.25.12 OK for: esbuild@0.25.12 want: 0.25.12
1103 silly placeDep ROOT @esbuild/openbsd-x64@0.25.12 OK for: esbuild@0.25.12 want: 0.25.12
1104 silly placeDep ROOT @esbuild/openharmony-arm64@0.25.12 OK for: esbuild@0.25.12 want: 0.25.12
1105 silly placeDep ROOT @esbuild/sunos-x64@0.25.12 OK for: esbuild@0.25.12 want: 0.25.12
1106 silly placeDep ROOT @esbuild/win32-arm64@0.25.12 OK for: esbuild@0.25.12 want: 0.25.12
1107 silly placeDep ROOT @esbuild/win32-ia32@0.25.12 OK for: esbuild@0.25.12 want: 0.25.12
1108 silly placeDep ROOT @esbuild/win32-x64@0.25.12 OK for: esbuild@0.25.12 want: 0.25.12
1109 silly placeDep ROOT nanoid@3.3.19 OK for: postcss@8.5.28 want: ^3.3.18
1110 silly placeDep ROOT @napi-rs/lzma-linux-x64-gnu@1.5.1 OK for: rollup@4.63.4 want: 1.5.1
1111 silly placeDep ROOT @rollup/rollup-android-arm-eabi@4.63.4 OK for: rollup@4.63.4 want: 4.63.4
1112 silly placeDep ROOT @rollup/rollup-android-arm64@4.63.4 OK for: rollup@4.63.4 want: 4.63.4
1113 silly placeDep ROOT @rollup/rollup-darwin-arm64@4.63.4 OK for: rollup@4.63.4 want: 4.63.4
1114 silly placeDep ROOT @rollup/rollup-darwin-x64@4.63.4 OK for: rollup@4.63.4 want: 4.63.4
1115 silly placeDep ROOT @rollup/rollup-freebsd-arm64@4.63.4 OK for: rollup@4.63.4 want: 4.63.4
1116 silly placeDep ROOT @rollup/rollup-freebsd-x64@4.63.4 OK for: rollup@4.63.4 want: 4.63.4
1117 silly placeDep ROOT @rollup/rollup-linux-arm-gnueabihf@4.63.4 OK for: rollup@4.63.4 want: 4.63.4
1118 silly placeDep ROOT @rollup/rollup-linux-arm-musleabihf@4.63.4 OK for: rollup@4.63.4 want: 4.63.4
1119 silly placeDep ROOT @rollup/rollup-linux-arm64-gnu@4.63.4 OK for: rollup@4.63.4 want: 4.63.4
1120 silly placeDep ROOT @rollup/rollup-linux-arm64-musl@4.63.4 OK for: rollup@4.63.4 want: 4.63.4
1121 silly placeDep ROOT @rollup/rollup-linux-loong64-gnu@4.63.4 OK for: rollup@4.63.4 want: 4.63.4
1122 silly placeDep ROOT @rollup/rollup-linux-loong64-musl@4.63.4 OK for: rollup@4.63.4 want: 4.63.4
1123 silly placeDep ROOT @rollup/rollup-linux-ppc64-gnu@4.63.4 OK for: rollup@4.63.4 want: 4.63.4
1124 silly placeDep ROOT @rollup/rollup-linux-ppc64-musl@4.63.4 OK for: rollup@4.63.4 want: 4.63.4
1125 silly placeDep ROOT @rollup/rollup-linux-riscv64-gnu@4.63.4 OK for: rollup@4.63.4 want: 4.63.4
1126 silly placeDep ROOT @rollup/rollup-linux-riscv64-musl@4.63.4 OK for: rollup@4.63.4 want: 4.63.4
1127 silly placeDep ROOT @rollup/rollup-linux-s390x-gnu@4.63.4 OK for: rollup@4.63.4 want: 4.63.4
1128 silly placeDep ROOT @rollup/rollup-linux-x64-gnu@4.63.4 OK for: rollup@4.63.4 want: 4.63.4
1129 silly placeDep ROOT @rollup/rollup-linux-x64-musl@4.63.4 OK for: rollup@4.63.4 want: 4.63.4
1130 silly placeDep ROOT @rollup/rollup-openbsd-x64@4.63.4 OK for: rollup@4.63.4 want: 4.63.4
1131 silly placeDep ROOT @rollup/rollup-openharmony-arm64@4.63.4 OK for: rollup@4.63.4 want: 4.63.4
1132 silly placeDep ROOT @rollup/rollup-win32-arm64-msvc@4.63.4 OK for: rollup@4.63.4 want: 4.63.4
1133 silly placeDep ROOT @rollup/rollup-win32-ia32-msvc@4.63.4 OK for: rollup@4.63.4 want: 4.63.4
1134 silly placeDep ROOT @rollup/rollup-win32-x64-gnu@4.63.4 OK for: rollup@4.63.4 want: 4.63.4
1135 silly placeDep ROOT @rollup/rollup-win32-x64-msvc@4.63.4 OK for: rollup@4.63.4 want: 4.63.4
1136 silly placeDep ROOT @types/estree@1.0.9 OK for: rollup@4.63.4 want: 1.0.9
1137 verbose type system
1138 verbose stack FetchError: request to https://registry.npmjs.org/@supabase%2fsupabase-js failed, reason: getaddrinfo ENOTFOUND registry.npmjs.org
1138 verbose stack     at ClientRequest.<anonymous> (/usr/local/lib/node_modules/npm/node_modules/minipass-fetch/lib/index.js:130:14)
1138 verbose stack     at ClientRequest.emit (node:events:509:28)
1138 verbose stack     at emitErrorEvent (node:_http_client:109:11)
1138 verbose stack     at _destroy (node:_http_client:993:9)
1138 verbose stack     at onSocketNT (node:_http_client:1013:5)
1138 verbose stack     at process.processTicksAndRejections (node:internal/process/task_queues:91:21)
1139 error code ENOTFOUND
1140 error syscall getaddrinfo
1141 error errno ENOTFOUND
1142 error network request to https://registry.npmjs.org/@supabase%2fsupabase-js failed, reason: getaddrinfo ENOTFOUND registry.npmjs.org
1143 error network This is a problem related to network connectivity.
1143 error network In most cases you are behind a proxy or have bad network settings.
1143 error network
1143 error network If you are behind a proxy, please make sure that the 'proxy' config is set properly.  See: 'npm help config'
1144 silly unfinished npm timer reify 1789809452375
1145 silly unfinished npm timer reify:loadTrees 1789809452376
1146 verbose cwd /Volumes/Macintosh HD - Data 1/konveksi-pos
1147 verbose os Darwin 21.6.0
1148 verbose node v24.15.0
1149 verbose npm  v11.12.1
1150 verbose exit 1
1151 verbose code 1
1152 error A complete log of this run can be found in: /Volumes/Macintosh HD - Data 1/konveksi-pos/npm-cache/_logs/2026-09-19T09_17_31_606Z-debug-0.log
