0 verbose cli /usr/local/bin/node /usr/local/lib/node_modules/npm/bin/npm-cli.js
1 info using npm@11.12.1
2 info using node@v24.15.0
3 silly config load:file:/usr/local/lib/node_modules/npm/npmrc
4 silly config load:file:/Volumes/Macintosh HD - Data 1/tokobahan/.npmrc
5 silly config load:file:/Users/em2studio/.npmrc
6 silly config load:file:/usr/local/etc/npmrc
7 verbose title npm exec @21st-dev/cli@latest init --client vscode
8 verbose argv "exec" "--" "@21st-dev/cli@latest" "init" "--client" "vscode"
9 verbose logfile logs-max:10 dir:/Volumes/Macintosh HD - Data 1/tokobahan/npm-cache/_logs/2026-09-19T12_56_28_436Z-
10 verbose logfile /Volumes/Macintosh HD - Data 1/tokobahan/npm-cache/_logs/2026-09-19T12_56_28_436Z-debug-0.log
11 silly logfile done cleaning log files
12 silly packumentCache heap:2348810240 maxSize:587202560 maxEntrySize:293601280
13 verbose shrinkwrap failed to load node_modules/.package-lock.json out of date, updated: node_modules
14 http fetch GET 200 https://registry.npmjs.org/@21st-dev%2fcli 1164ms (cache miss)
15 silly packumentCache heap:2348810240 maxSize:587202560 maxEntrySize:293601280
16 silly packumentCache heap:2348810240 maxSize:587202560 maxEntrySize:293601280
17 warn exec The following package was not found and will be installed: @21st-dev/cli@1.17.1
18 silly idealTree buildDeps
19 silly fetch manifest @21st-dev/cli@1.17.1
20 silly packumentCache full:https://registry.npmjs.org/@21st-dev%2fcli cache-miss
21 http fetch GET 200 https://registry.npmjs.org/@21st-dev%2fcli 503ms (cache miss)
22 silly packumentCache full:https://registry.npmjs.org/@21st-dev%2fcli set size:undefined disposed:false
23 silly placeDep ROOT @21st-dev/cli@1.17.1 OK for:  want: 1.17.1
24 silly reify moves {}
25 silly audit bulk request { '@21st-dev/cli': [ '1.17.1' ] }
26 http cache @21st-dev/cli@https://registry.npmjs.org/@21st-dev/cli/-/cli-1.17.1.tgz 1ms (cache hit)
27 silly tarball no local data for @21st-dev/cli@https://registry.npmjs.org/@21st-dev/cli/-/cli-1.17.1.tgz. Extracting by manifest.
28 http fetch POST 200 https://registry.npmjs.org/-/npm/v1/security/advisories/bulk 220ms
29 silly audit report {}
30 http fetch GET 200 https://registry.npmjs.org/@21st-dev/cli/-/cli-1.17.1.tgz 391ms (cache miss)
31 verbose cwd /Volumes/Macintosh HD - Data 1/tokobahan
32 verbose os Darwin 21.6.0
33 verbose node v24.15.0
34 verbose npm  v11.12.1
35 verbose exit 0
36 info ok
