0 verbose cli /usr/local/bin/node /usr/local/bin/npm
1 info using npm@11.12.1
2 info using node@v24.15.0
3 silly config load:file:/usr/local/lib/node_modules/npm/npmrc
4 silly config load:file:/Volumes/Macintosh HD - Data 1/tokobahan/.npmrc
5 silly config load:file:/Users/em2studio/.npmrc
6 silly config load:file:/usr/local/etc/npmrc
7 verbose title npm run build
8 verbose argv "run" "build"
9 verbose logfile logs-max:10 dir:/Volumes/Macintosh HD - Data 1/tokobahan/npm-cache/_logs/2026-09-24T05_40_35_260Z-
10 verbose logfile /Volumes/Macintosh HD - Data 1/tokobahan/npm-cache/_logs/2026-09-24T05_40_35_260Z-debug-0.log
11 silly logfile start cleaning logs, removing 1 files
12 silly logfile done cleaning log files
0 verbose cli /usr/local/bin/node /usr/local/bin/npm
1 info using npm@11.12.1
2 info using node@v24.15.0
3 silly config load:file:/usr/local/lib/node_modules/npm/npmrc
4 silly config load:file:/Volumes/Macintosh HD - Data 1/tokobahan/.npmrc
5 silly config load:file:/Users/em2studio/.npmrc
6 silly config load:file:/usr/local/etc/npmrc
7 verbose title npm run lint
8 verbose argv "run" "lint"
9 verbose logfile logs-max:10 dir:/Volumes/Macintosh HD - Data 1/tokobahan/npm-cache/_logs/2026-09-24T05_40_35_260Z-
10 verbose logfile /Volumes/Macintosh HD - Data 1/tokobahan/npm-cache/_logs/2026-09-24T05_40_35_260Z-debug-0.log
11 silly logfile done cleaning log files
12 verbose cwd /Volumes/Macintosh HD - Data 1/tokobahan
13 verbose os Darwin 21.6.0
14 verbose node v24.15.0
15 verbose npm  v11.12.1
16 verbose exit 0
17 info ok
13 verbose cwd /Volumes/Macintosh HD - Data 1/tokobahan
14 verbose os Darwin 21.6.0
15 verbose node v24.15.0
16 verbose npm  v11.12.1
17 verbose exit 0
18 info ok
