0 verbose cli /usr/local/bin/node /usr/local/lib/node_modules/npm/bin/npm-cli.js
1 info using npm@11.12.1
2 info using node@v24.15.0
3 silly config load:file:/usr/local/lib/node_modules/npm/npmrc
4 silly config load:file:/Volumes/Macintosh HD - Data 1/tokobahan/.npmrc
5 silly config load:file:/Users/em2studio/.npmrc
6 silly config load:file:/usr/local/etc/npmrc
7 verbose title npm exec web-push generate-vapid-keys
8 verbose argv "exec" "--" "web-push" "generate-vapid-keys"
9 verbose logfile logs-max:10 dir:/Volumes/Macintosh HD - Data 1/tokobahan/npm-cache/_logs/2026-09-19T16_11_46_503Z-
10 verbose logfile /Volumes/Macintosh HD - Data 1/tokobahan/npm-cache/_logs/2026-09-19T16_11_46_503Z-debug-0.log
11 silly logfile done cleaning log files
12 silly packumentCache heap:2348810240 maxSize:587202560 maxEntrySize:293601280
13 verbose shrinkwrap failed to load node_modules/.package-lock.json out of date, updated: node_modules
14 http fetch GET 200 https://registry.npmjs.org/web-push 313ms (cache miss)
15 silly packumentCache heap:2348810240 maxSize:587202560 maxEntrySize:293601280
16 silly packumentCache heap:2348810240 maxSize:587202560 maxEntrySize:293601280
17 silly idealTree buildDeps
18 silly fetch manifest web-push@3.6.7
19 silly packumentCache full:https://registry.npmjs.org/web-push cache-miss
20 http fetch GET 200 https://registry.npmjs.org/web-push 537ms (cache miss)
21 silly packumentCache full:https://registry.npmjs.org/web-push set size:undefined disposed:false
22 silly placeDep ROOT web-push@3.6.7 OK for:  want: 3.6.7
23 silly fetch manifest asn1.js@^5.3.0
24 silly packumentCache full:https://registry.npmjs.org/asn1.js cache-miss
25 silly fetch manifest http_ece@1.2.0
26 silly packumentCache full:https://registry.npmjs.org/http_ece cache-miss
27 silly fetch manifest https-proxy-agent@^7.0.0
28 silly packumentCache full:https://registry.npmjs.org/https-proxy-agent cache-miss
29 http fetch GET 200 https://registry.npmjs.org/asn1.js 33ms (cache miss)
30 silly packumentCache full:https://registry.npmjs.org/asn1.js set size:undefined disposed:false
31 silly fetch manifest jws@^4.0.0
32 silly packumentCache full:https://registry.npmjs.org/jws cache-miss
33 http fetch GET 200 https://registry.npmjs.org/jws 35ms (cache miss)
34 silly packumentCache full:https://registry.npmjs.org/jws set size:undefined disposed:false
35 silly fetch manifest minimist@^1.2.5
36 silly packumentCache full:https://registry.npmjs.org/minimist cache-miss
37 http fetch GET 200 https://registry.npmjs.org/https-proxy-agent 75ms (cache miss)
38 silly packumentCache full:https://registry.npmjs.org/https-proxy-agent set size:undefined disposed:false
39 http fetch GET 200 https://registry.npmjs.org/minimist 28ms (cache miss)
40 silly packumentCache full:https://registry.npmjs.org/minimist set size:undefined disposed:false
41 http fetch GET 200 https://registry.npmjs.org/http_ece 509ms (cache miss)
42 silly packumentCache full:https://registry.npmjs.org/http_ece set size:undefined disposed:false
43 silly placeDep ROOT asn1.js@5.4.1 OK for: web-push@3.6.7 want: ^5.3.0
44 silly placeDep ROOT http_ece@1.2.0 OK for: web-push@3.6.7 want: 1.2.0
45 silly placeDep ROOT https-proxy-agent@7.0.6 OK for: web-push@3.6.7 want: ^7.0.0
46 silly placeDep ROOT jws@4.0.1 OK for: web-push@3.6.7 want: ^4.0.0
47 silly placeDep ROOT minimist@1.2.8 OK for: web-push@3.6.7 want: ^1.2.5
48 silly fetch manifest bn.js@^4.0.0
49 silly packumentCache full:https://registry.npmjs.org/bn.js cache-miss
50 silly fetch manifest inherits@^2.0.1
51 silly packumentCache full:https://registry.npmjs.org/inherits cache-miss
52 silly fetch manifest minimalistic-assert@^1.0.0
53 silly packumentCache full:https://registry.npmjs.org/minimalistic-assert cache-miss
54 http fetch GET 200 https://registry.npmjs.org/inherits 36ms (cache miss)
55 silly packumentCache full:https://registry.npmjs.org/inherits set size:undefined disposed:false
56 silly fetch manifest safer-buffer@^2.1.0
57 silly packumentCache full:https://registry.npmjs.org/safer-buffer cache-miss
58 http fetch GET 200 https://registry.npmjs.org/minimalistic-assert 41ms (cache miss)
59 silly packumentCache full:https://registry.npmjs.org/minimalistic-assert set size:undefined disposed:false
60 silly fetch manifest debug@4
61 silly packumentCache full:https://registry.npmjs.org/debug cache-miss
62 http fetch GET 200 https://registry.npmjs.org/bn.js 46ms (cache miss)
63 silly packumentCache full:https://registry.npmjs.org/bn.js set size:undefined disposed:false
64 silly fetch manifest agent-base@^7.1.2
65 silly packumentCache full:https://registry.npmjs.org/agent-base cache-miss
66 http fetch GET 200 https://registry.npmjs.org/safer-buffer 23ms (cache miss)
67 silly packumentCache full:https://registry.npmjs.org/safer-buffer set size:undefined disposed:false
68 silly fetch manifest jwa@^2.0.1
69 silly packumentCache full:https://registry.npmjs.org/jwa cache-miss
70 http fetch GET 200 https://registry.npmjs.org/agent-base 24ms (cache miss)
71 silly packumentCache full:https://registry.npmjs.org/agent-base set size:undefined disposed:false
72 silly fetch manifest safe-buffer@^5.0.1
73 silly packumentCache full:https://registry.npmjs.org/safe-buffer cache-miss
74 http fetch GET 200 https://registry.npmjs.org/debug 38ms (cache revalidated)
75 silly packumentCache full:https://registry.npmjs.org/debug set size:195840 disposed:false
76 http fetch GET 200 https://registry.npmjs.org/safe-buffer 26ms (cache miss)
77 silly packumentCache full:https://registry.npmjs.org/safe-buffer set size:undefined disposed:false
78 http fetch GET 200 https://registry.npmjs.org/jwa 1146ms (cache miss)
79 silly packumentCache full:https://registry.npmjs.org/jwa set size:undefined disposed:false
80 silly placeDep ROOT bn.js@4.12.5 OK for: asn1.js@5.4.1 want: ^4.0.0
81 silly placeDep ROOT inherits@2.0.4 OK for: asn1.js@5.4.1 want: ^2.0.1
82 silly placeDep ROOT minimalistic-assert@1.0.1 OK for: asn1.js@5.4.1 want: ^1.0.0
83 silly placeDep ROOT safer-buffer@2.1.2 OK for: asn1.js@5.4.1 want: ^2.1.0
84 silly placeDep ROOT agent-base@7.1.4 OK for: https-proxy-agent@7.0.6 want: ^7.1.2
85 silly placeDep ROOT debug@4.4.3 OK for: https-proxy-agent@7.0.6 want: 4
86 silly fetch manifest ms@^2.1.3
87 silly packumentCache full:https://registry.npmjs.org/ms cache-miss
88 http fetch GET 200 https://registry.npmjs.org/ms 61ms (cache revalidated)
89 silly packumentCache full:https://registry.npmjs.org/ms set size:92208 disposed:false
90 silly placeDep ROOT ms@2.1.3 OK for: debug@4.4.3 want: ^2.1.3
91 silly placeDep ROOT jwa@2.0.1 OK for: jws@4.0.1 want: ^2.0.1
92 silly placeDep ROOT safe-buffer@5.2.1 OK for: jws@4.0.1 want: ^5.0.1
93 silly fetch manifest ecdsa-sig-formatter@1.0.11
94 silly packumentCache full:https://registry.npmjs.org/ecdsa-sig-formatter cache-miss
95 silly fetch manifest buffer-equal-constant-time@^1.0.1
96 silly packumentCache full:https://registry.npmjs.org/buffer-equal-constant-time cache-miss
97 http fetch GET 200 https://registry.npmjs.org/buffer-equal-constant-time 31ms (cache miss)
98 silly packumentCache full:https://registry.npmjs.org/buffer-equal-constant-time set size:undefined disposed:false
99 http fetch GET 200 https://registry.npmjs.org/ecdsa-sig-formatter 848ms (cache miss)
100 silly packumentCache full:https://registry.npmjs.org/ecdsa-sig-formatter set size:undefined disposed:false
101 silly placeDep ROOT buffer-equal-constant-time@1.0.1 OK for: jwa@2.0.1 want: ^1.0.1
102 silly placeDep ROOT ecdsa-sig-formatter@1.0.11 OK for: jwa@2.0.1 want: 1.0.11
103 silly reify moves {}
104 silly audit bulk request {
104 silly audit   'web-push': [ '3.6.7' ],
104 silly audit   'asn1.js': [ '5.4.1' ],
104 silly audit   http_ece: [ '1.2.0' ],
104 silly audit   'https-proxy-agent': [ '7.0.6' ],
104 silly audit   jws: [ '4.0.1' ],
104 silly audit   minimist: [ '1.2.8' ],
104 silly audit   'bn.js': [ '4.12.5' ],
104 silly audit   inherits: [ '2.0.4' ],
104 silly audit   'minimalistic-assert': [ '1.0.1' ],
104 silly audit   'safer-buffer': [ '2.1.2' ],
104 silly audit   'agent-base': [ '7.1.4' ],
104 silly audit   debug: [ '4.4.3' ],
104 silly audit   ms: [ '2.1.3' ],
104 silly audit   jwa: [ '2.0.1' ],
104 silly audit   'safe-buffer': [ '5.2.1' ],
104 silly audit   'buffer-equal-constant-time': [ '1.0.1' ],
104 silly audit   'ecdsa-sig-formatter': [ '1.0.11' ]
104 silly audit }
105 http cache ecdsa-sig-formatter@https://registry.npmjs.org/ecdsa-sig-formatter/-/ecdsa-sig-formatter-1.0.11.tgz 0ms (cache hit)
106 http cache buffer-equal-constant-time@https://registry.npmjs.org/buffer-equal-constant-time/-/buffer-equal-constant-time-1.0.1.tgz 0ms (cache hit)
107 http cache ms@https://registry.npmjs.org/ms/-/ms-2.1.3.tgz 0ms (cache hit)
108 http cache agent-base@https://registry.npmjs.org/agent-base/-/agent-base-7.1.4.tgz 0ms (cache hit)
109 http cache debug@https://registry.npmjs.org/debug/-/debug-4.4.3.tgz 0ms (cache hit)
110 http cache jwa@https://registry.npmjs.org/jwa/-/jwa-2.0.1.tgz 0ms (cache hit)
111 http cache minimalistic-assert@https://registry.npmjs.org/minimalistic-assert/-/minimalistic-assert-1.0.1.tgz 1ms (cache hit)
112 http cache safe-buffer@https://registry.npmjs.org/safe-buffer/-/safe-buffer-5.2.1.tgz 0ms (cache hit)
113 http cache safer-buffer@https://registry.npmjs.org/safer-buffer/-/safer-buffer-2.1.2.tgz 0ms (cache hit)
114 http cache minimist@https://registry.npmjs.org/minimist/-/minimist-1.2.8.tgz 0ms (cache hit)
115 http cache bn.js@https://registry.npmjs.org/bn.js/-/bn.js-4.12.5.tgz 0ms (cache hit)
116 http cache jws@https://registry.npmjs.org/jws/-/jws-4.0.1.tgz 0ms (cache hit)
117 http cache inherits@https://registry.npmjs.org/inherits/-/inherits-2.0.4.tgz 0ms (cache hit)
118 http cache https-proxy-agent@https://registry.npmjs.org/https-proxy-agent/-/https-proxy-agent-7.0.6.tgz 0ms (cache hit)
119 http cache http_ece@https://registry.npmjs.org/http_ece/-/http_ece-1.2.0.tgz 0ms (cache hit)
120 http cache web-push@https://registry.npmjs.org/web-push/-/web-push-3.6.7.tgz 0ms (cache hit)
121 http cache asn1.js@https://registry.npmjs.org/asn1.js/-/asn1.js-5.4.1.tgz 0ms (cache hit)
122 silly tarball no local data for ecdsa-sig-formatter@https://registry.npmjs.org/ecdsa-sig-formatter/-/ecdsa-sig-formatter-1.0.11.tgz. Extracting by manifest.
123 silly tarball no local data for buffer-equal-constant-time@https://registry.npmjs.org/buffer-equal-constant-time/-/buffer-equal-constant-time-1.0.1.tgz. Extracting by manifest.
124 silly tarball no local data for agent-base@https://registry.npmjs.org/agent-base/-/agent-base-7.1.4.tgz. Extracting by manifest.
125 silly tarball no local data for jwa@https://registry.npmjs.org/jwa/-/jwa-2.0.1.tgz. Extracting by manifest.
126 silly tarball no local data for minimalistic-assert@https://registry.npmjs.org/minimalistic-assert/-/minimalistic-assert-1.0.1.tgz. Extracting by manifest.
127 silly tarball no local data for safe-buffer@https://registry.npmjs.org/safe-buffer/-/safe-buffer-5.2.1.tgz. Extracting by manifest.
128 silly tarball no local data for safer-buffer@https://registry.npmjs.org/safer-buffer/-/safer-buffer-2.1.2.tgz. Extracting by manifest.
129 silly tarball no local data for minimist@https://registry.npmjs.org/minimist/-/minimist-1.2.8.tgz. Extracting by manifest.
130 silly tarball no local data for bn.js@https://registry.npmjs.org/bn.js/-/bn.js-4.12.5.tgz. Extracting by manifest.
131 silly tarball no local data for jws@https://registry.npmjs.org/jws/-/jws-4.0.1.tgz. Extracting by manifest.
132 silly tarball no local data for inherits@https://registry.npmjs.org/inherits/-/inherits-2.0.4.tgz. Extracting by manifest.
133 silly tarball no local data for https-proxy-agent@https://registry.npmjs.org/https-proxy-agent/-/https-proxy-agent-7.0.6.tgz. Extracting by manifest.
134 silly tarball no local data for http_ece@https://registry.npmjs.org/http_ece/-/http_ece-1.2.0.tgz. Extracting by manifest.
135 silly tarball no local data for web-push@https://registry.npmjs.org/web-push/-/web-push-3.6.7.tgz. Extracting by manifest.
136 silly tarball no local data for asn1.js@https://registry.npmjs.org/asn1.js/-/asn1.js-5.4.1.tgz. Extracting by manifest.
137 http fetch GET 200 https://registry.npmjs.org/ecdsa-sig-formatter/-/ecdsa-sig-formatter-1.0.11.tgz 178ms (cache miss)
138 http fetch GET 200 https://registry.npmjs.org/buffer-equal-constant-time/-/buffer-equal-constant-time-1.0.1.tgz 182ms (cache miss)
139 http fetch GET 200 https://registry.npmjs.org/minimalistic-assert/-/minimalistic-assert-1.0.1.tgz 212ms (cache miss)
140 http fetch POST 200 https://registry.npmjs.org/-/npm/v1/security/advisories/bulk 234ms
141 silly audit report {}
142 http fetch GET 200 https://registry.npmjs.org/jwa/-/jwa-2.0.1.tgz 226ms (cache miss)
143 http fetch GET 200 https://registry.npmjs.org/inherits/-/inherits-2.0.4.tgz 222ms (cache miss)
144 http fetch GET 200 https://registry.npmjs.org/http_ece/-/http_ece-1.2.0.tgz 224ms (cache miss)
145 http fetch GET 200 https://registry.npmjs.org/safe-buffer/-/safe-buffer-5.2.1.tgz 231ms (cache miss)
146 http fetch GET 200 https://registry.npmjs.org/safer-buffer/-/safer-buffer-2.1.2.tgz 234ms (cache miss)
147 http fetch GET 200 https://registry.npmjs.org/jws/-/jws-4.0.1.tgz 237ms (cache miss)
148 http fetch GET 200 https://registry.npmjs.org/bn.js/-/bn.js-4.12.5.tgz 243ms (cache miss)
149 http fetch GET 200 https://registry.npmjs.org/agent-base/-/agent-base-7.1.4.tgz 255ms (cache miss)
150 http fetch GET 200 https://registry.npmjs.org/https-proxy-agent/-/https-proxy-agent-7.0.6.tgz 248ms (cache miss)
151 http fetch GET 200 https://registry.npmjs.org/web-push/-/web-push-3.6.7.tgz 252ms (cache miss)
152 http fetch GET 200 https://registry.npmjs.org/minimist/-/minimist-1.2.8.tgz 264ms (cache miss)
153 http fetch GET 200 https://registry.npmjs.org/asn1.js/-/asn1.js-5.4.1.tgz 261ms (cache miss)
154 verbose cwd /Volumes/Macintosh HD - Data 1/tokobahan
155 verbose os Darwin 21.6.0
156 verbose node v24.15.0
157 verbose npm  v11.12.1
158 verbose exit 0
159 info ok
